[1787146309111] MA: device health battery=100 charging=true saver=false thermal=nominal
[1787146309111] MA: lifecycle foreground connected=false
[1787146309158] MA: surfaceCreated
[1787146309158] MA: surfaceChanged: 1264x2800
[1787146309362] SC: Protocol v1 upgrade accepted
[1787146309364] SC: Connected to 127.0.0.1:54321
[1787146309391] MA: onHostActionsAvailable: move-window, return-windows
[1787146309400] MA: onDisplaysAvailable: count=3 selected=38 negotiated=[CAPABILITY_TOUCH, CAPABILITY_KEYBOARD, CAPABILITY_POINTER, CAPABILITY_STYLUS, CAPABILITY_MULTI_DISPLAY, CAPABILITY_HOST_ACTIONS, CAPABILITY_CLIENT_VIDEO_CONTROL, CAPABILITY_STYLUS_EXTENDED, CAPABILITY_USB_HID_MODIFIER_BYTE] displays=38:Vibe Screen Virtual (扩展屏):2000x1200:primary=false, 1:Built-in Retina Display:1512x982:primary=true, 3:DELL U2723QE:1920x1080:primary=false
[1787146309400] MA: session binding promoted: displaySelection=true keyboard=true nativePointer=true controller=false hostActions=true
[1787146309417] MA: onVideoConfiguration: 2000x1200 @ 0° epoch=1
[1787146309417] MA: Video config arrived, initializing decoder 2000x1200
[1787146309417] MA: initializeDecoder called, surface=Surface(name=null mNativeObject=-5476376613998220752)/@0x89062a7, valid=true, encoded=2000x1200
[1787146309421] VD: setupDecoder: 2000x1200, decoder=c2.qti.hevc.decoder
[1787146309458] VD: Configured with full low-latency
[1787146309459] VD: Surface frame rate requested: 60.000004Hz fixed-source
[1787146309479] VD: Decoder started: 2000x1200 @ 60.000004Hz, surface=Surface(name=null mNativeObject=-5476376613998220752)/@0x89062a7, valid=true
[1787146309481] MA: Decoder configuration committed 2000x1200 epoch=1
[1787146309484] MA: onDisplayGeometry: 2000x1200 @ 0°
[1787146309500] VD: First frame: size=62558, header=[00 00 00 01 40 01 0c 01 ff ff 01 60 00 00 03 00], keyframe=true, surface=Surface(name=null mNativeObject=-5476376613998220752)/@0x89062a7, valid=true
[1787146309516] MA: surfaceChanged: 1264x758
[1787146309523] MA: surfaceChanged: 1264x758
[1787146309523] MA: surfaceChanged: 2106x1264
[1787146309530] VD: Output format changed: {crop-right=1999, max-height=4320, sar-width=1, color-format=2130708361, mime=video/raw, hdr-static-info=java.nio.HeapByteBuffer[pos=0 lim=25 cap=25], priority=0, color-standard=1, feature-secure-playback=0, color-transfer=3, sar-height=1, hdr10-plus-info=java.nio.HeapByteBuffer[pos=0 lim=0 cap=0], crop-bottom=1199, max-width=8192, crop-left=0, width=2000, color-range=1, crop-top=0, rotation-degrees=0, frame-rate=1, height=1200}
[1787146309531] VD: First output frame! size=1, flags=1
[1787146310447] VD: Decode stats: input=60, output=59, dropped=0, availBufs=10
[1787146310453] VD: Output #60: decoder latency avg=6.9ms max=34.9ms over 60 samples, input bufs avail=10, dropped=0
[1787146311448] VD: Decode stats: input=120, output=119, dropped=0, availBufs=10
[1787146311452] VD: Output #120: decoder latency avg=6.9ms max=13.8ms over 60 samples, input bufs avail=10, dropped=0
[1787146312448] VD: Decode stats: input=180, output=179, dropped=0, availBufs=10
[1787146312455] VD: Output #180: decoder latency avg=7.0ms max=10.9ms over 60 samples, input bufs avail=9, dropped=0
[1787146313452] VD: Decode stats: input=240, output=239, dropped=0, availBufs=10
[1787146313457] VD: Output #240: decoder latency avg=6.9ms max=13.3ms over 60 samples, input bufs avail=9, dropped=0
[1787146314447] VD: Decode stats: input=300, output=299, dropped=0, availBufs=10
[1787146314451] VD: Output #300: decoder latency avg=6.8ms max=11.5ms over 60 samples, input bufs avail=10, dropped=0
[1787146315451] VD: Decode stats: input=360, output=359, dropped=0, availBufs=10
[1787146315464] VD: Output #360: decoder latency avg=6.4ms max=14.1ms over 60 samples, input bufs avail=10, dropped=0
[1787146316449] VD: Decode stats: input=420, output=419, dropped=0, availBufs=10
[1787146316458] VD: Output #420: decoder latency avg=7.0ms max=15.9ms over 60 samples, input bufs avail=10, dropped=0
[1787146319763] VD: Decode stats: input=480, output=479, dropped=0, availBufs=10
[1787146319767] VD: Output #480: decoder latency avg=5.1ms max=10.5ms over 60 samples, input bufs avail=10, dropped=0
[1787146320863] VD: Decode stats: input=540, output=535, dropped=0, availBufs=10
[1787146320940] VD: Output #540: decoder latency avg=4.6ms max=12.2ms over 60 samples, input bufs avail=10, dropped=0
[1787146321866] VD: Decode stats: input=600, output=595, dropped=0, availBufs=10
[1787146321936] VD: Output #600: decoder latency avg=5.0ms max=10.8ms over 60 samples, input bufs avail=10, dropped=0
[1787146322866] VD: Decode stats: input=660, output=655, dropped=0, availBufs=10
[1787146322937] VD: Output #660: decoder latency avg=5.0ms max=7.9ms over 60 samples, input bufs avail=10, dropped=0
[1787146323864] VD: Decode stats: input=720, output=715, dropped=0, availBufs=10
[1787146324902] VD: Output #720: decoder latency avg=5.0ms max=8.3ms over 60 samples, input bufs avail=10, dropped=0
[1787146325825] VD: Decode stats: input=780, output=774, dropped=0, availBufs=9
[1787146325884] VD: Output #780: decoder latency avg=4.8ms max=9.4ms over 60 samples, input bufs avail=10, dropped=0
[1787146326814] VD: Decode stats: input=840, output=835, dropped=0, availBufs=10
[1787146326884] VD: Output #840: decoder latency avg=4.6ms max=9.4ms over 60 samples, input bufs avail=10, dropped=0
[1787146327813] VD: Decode stats: input=900, output=895, dropped=0, availBufs=10
[1787146327884] VD: Output #900: decoder latency avg=4.7ms max=10.9ms over 60 samples, input bufs avail=10, dropped=0
[1787146328813] VD: Decode stats: input=960, output=955, dropped=0, availBufs=10
[1787146328893] VD: Output #960: decoder latency avg=5.1ms max=12.7ms over 60 samples, input bufs avail=10, dropped=0
[1787146330213] VD: Decode stats: input=1020, output=1015, dropped=0, availBufs=10
[1787146330291] VD: Output #1020: decoder latency avg=5.6ms max=15.1ms over 60 samples, input bufs avail=10, dropped=0
[1787146331213] VD: Decode stats: input=1080, output=1075, dropped=0, availBufs=10
[1787146331288] VD: Output #1080: decoder latency avg=6.2ms max=11.4ms over 60 samples, input bufs avail=10, dropped=0
[1787146332229] VD: Decode stats: input=1140, output=1135, dropped=0, availBufs=10
[1787146332306] VD: Output #1140: decoder latency avg=7.2ms max=10.7ms over 60 samples, input bufs avail=9, dropped=0
[1787146333230] VD: Decode stats: input=1200, output=1195, dropped=0, availBufs=10
[1787146333304] VD: Output #1200: decoder latency avg=7.6ms max=11.4ms over 60 samples, input bufs avail=10, dropped=0
[1787146334230] VD: Decode stats: input=1260, output=1255, dropped=0, availBufs=10
[1787146334304] VD: Output #1260: decoder latency avg=7.0ms max=9.4ms over 60 samples, input bufs avail=10, dropped=0
[1787146335236] VD: Decode stats: input=1320, output=1315, dropped=0, availBufs=10
[1787146335304] VD: Output #1320: decoder latency avg=6.1ms max=9.4ms over 60 samples, input bufs avail=10, dropped=0
[1787151073543] MA: device health battery=100 charging=false saver=false thermal=nominal
[1787151073544] MA: lifecycle foreground connected=false
[1787151073593] MA: surfaceCreated
[1787151073594] MA: surfaceChanged: 1264x2800
[1787152089012] MA: device health battery=99 charging=false saver=false thermal=nominal
[1787152744158] MA: device health battery=98 charging=false saver=false thermal=nominal
[1787152858087] MA: device health battery=98 charging=true saver=false thermal=nominal
[1787152969710] MA: device health battery=99 charging=true saver=false thermal=nominal
[1787153217031] MA: device health battery=100 charging=true saver=false thermal=nominal
[1787183467654] MA: device health battery=100 charging=true saver=false thermal=nominal
[1787183467654] MA: lifecycle foreground connected=false
[1787183467699] MA: surfaceCreated
[1787183467699] MA: surfaceChanged: 1264x2800
[1787183584238] MA: surfaceDestroyed
[1787183584241] MA: lifecycle background connected=false; retries paused
[1787183585631] MA: device health battery=100 charging=true saver=false thermal=nominal
[1787183585632] MA: lifecycle foreground connected=false
[1787183585680] MA: surfaceCreated
[1787183585681] MA: surfaceChanged: 1264x2800
[1787183903355] MA: device health battery=100 charging=true saver=false thermal=elevated
[1787184354125] MA: device health battery=100 charging=true saver=false thermal=elevated
[1787184354126] MA: lifecycle foreground connected=false
[1787184354172] MA: surfaceCreated
[1787184354173] MA: surfaceChanged: 1264x2800
[1787188884946] MA: device health battery=100 charging=true saver=false thermal=nominal
[1787212162598] MA: session ended kind=TRANSPORT_CLOSED retryable=true
[1787212164112] MA: session ended kind=TRANSPORT_CLOSED retryable=true
[1787212165622] MA: session ended kind=TRANSPORT_CLOSED retryable=true
[1787212167143] MA: session ended kind=TRANSPORT_CLOSED retryable=true
[1787212168677] MA: session ended kind=TRANSPORT_CLOSED retryable=true
[1787212170208] MA: session ended kind=TRANSPORT_CLOSED retryable=true
[1787212171731] MA: session ended kind=TRANSPORT_CLOSED retryable=true
[1787212173255] MA: session ended kind=TRANSPORT_CLOSED retryable=true
[1787212174792] MA: session ended kind=TRANSPORT_CLOSED retryable=true
[1787212176321] MA: session ended kind=TRANSPORT_CLOSED retryable=true
[1787212177848] MA: session ended kind=TRANSPORT_CLOSED retryable=true
[1787212179381] MA: session ended kind=TRANSPORT_CLOSED retryable=true
[1787212180916] MA: session ended kind=TRANSPORT_CLOSED retryable=true
[1787212182444] MA: session ended kind=TRANSPORT_CLOSED retryable=true
[1787212183980] MA: session ended kind=TRANSPORT_CLOSED retryable=true
[1787212185506] MA: session ended kind=TRANSPORT_CLOSED retryable=true
[1787212187035] MA: session ended kind=TRANSPORT_CLOSED retryable=true
[1787212188561] MA: session ended kind=TRANSPORT_CLOSED retryable=true
[1787212190120] MA: session ended kind=TRANSPORT_CLOSED retryable=true
[1787212191644] MA: session ended kind=TRANSPORT_CLOSED retryable=true
[1787212193180] MA: session ended kind=TRANSPORT_CLOSED retryable=true
[1787212194706] MA: session ended kind=TRANSPORT_CLOSED retryable=true
[1787212196234] MA: session ended kind=TRANSPORT_CLOSED retryable=true
[1787212197768] MA: session ended kind=TRANSPORT_CLOSED retryable=true
[1787212199298] MA: session ended kind=TRANSPORT_CLOSED retryable=true
[1787212200831] MA: session ended kind=TRANSPORT_CLOSED retryable=true
[1787212202358] MA: session ended kind=TRANSPORT_CLOSED retryable=true
[1787212203891] MA: session ended kind=TRANSPORT_CLOSED retryable=true
[1787212205420] MA: session ended kind=TRANSPORT_CLOSED retryable=true
[1787212206951] MA: session ended kind=TRANSPORT_CLOSED retryable=true
[1787212208478] MA: session ended kind=TRANSPORT_CLOSED retryable=true
[1787212209998] MA: session ended kind=TRANSPORT_CLOSED retryable=true
[1787212211524] MA: session ended kind=TRANSPORT_CLOSED retryable=true
[1787212213039] MA: session ended kind=TRANSPORT_CLOSED retryable=true
[1787212214552] MA: session ended kind=TRANSPORT_CLOSED retryable=true
[1787212216074] MA: session ended kind=TRANSPORT_CLOSED retryable=true
[1787212217603] MA: session ended kind=TRANSPORT_CLOSED retryable=true
[1787212219120] MA: session ended kind=TRANSPORT_CLOSED retryable=true
[1787212220648] MA: session ended kind=TRANSPORT_CLOSED retryable=true
[1787212222163] MA: session ended kind=TRANSPORT_CLOSED retryable=true
[1787212223683] MA: session ended kind=TRANSPORT_CLOSED retryable=true
[1787212225226] MA: session ended kind=TRANSPORT_CLOSED retryable=true
[1787212226753] MA: session ended kind=TRANSPORT_CLOSED retryable=true
[1787212228272] MA: session ended kind=TRANSPORT_CLOSED retryable=true
[1787212229798] MA: session ended kind=TRANSPORT_CLOSED retryable=true
[1787212231330] MA: session ended kind=TRANSPORT_CLOSED retryable=true
[1787212232855] MA: session ended kind=TRANSPORT_CLOSED retryable=true
[1787212234374] MA: session ended kind=TRANSPORT_CLOSED retryable=true
[1787212235915] MA: session ended kind=TRANSPORT_CLOSED retryable=true
[1787212237443] MA: session ended kind=TRANSPORT_CLOSED retryable=true
[1787212238978] MA: session ended kind=TRANSPORT_CLOSED retryable=true
[1787212240496] MA: session ended kind=TRANSPORT_CLOSED retryable=true
[1787212242033] MA: session ended kind=TRANSPORT_CLOSED retryable=true
[1787212243566] MA: session ended kind=TRANSPORT_CLOSED retryable=true
[1787212245100] MA: session ended kind=TRANSPORT_CLOSED retryable=true
[1787212246632] MA: session ended kind=TRANSPORT_CLOSED retryable=true
[1787212248158] MA: session ended kind=TRANSPORT_CLOSED retryable=true
[1787212249690] MA: session ended kind=TRANSPORT_CLOSED retryable=true
[1787212251221] MA: session ended kind=TRANSPORT_CLOSED retryable=true
[1787212252772] MA: session ended kind=TRANSPORT_CLOSED retryable=true
[1787212254299] MA: session ended kind=TRANSPORT_CLOSED retryable=true
[1787212255833] MA: session ended kind=TRANSPORT_CLOSED retryable=true
[1787212256412] MA: session ended kind=TRANSPORT_CLOSED retryable=true
[1787212258039] SC: Protocol v1 upgrade accepted
[1787212258039] SC: Connected to 127.0.0.1:54321
[1787212258049] MA: onHostActionsAvailable: move-window, return-windows
[1787212258061] MA: onDisplaysAvailable: count=3 selected=4 negotiated=[CAPABILITY_TOUCH, CAPABILITY_KEYBOARD, CAPABILITY_POINTER, CAPABILITY_STYLUS, CAPABILITY_MULTI_DISPLAY, CAPABILITY_HOST_ACTIONS, CAPABILITY_CLIENT_VIDEO_CONTROL, CAPABILITY_STYLUS_EXTENDED] displays=4:Vibe Screen Virtual (扩展屏):2000x1200:primary=false, 1:Built-in Retina Display:1512x982:primary=true, 3:DELL U2723QE:1920x1080:primary=false
[1787212258062] MA: session binding promoted: displaySelection=true keyboard=true nativePointer=true controller=false hostActions=true clipboard=false
[1787212258101] MA: onVideoConfiguration: 2000x1200 @ 0° epoch=1
[1787212258102] MA: Video config arrived, initializing decoder 2000x1200
[1787212258102] MA: initializeDecoder called, surface=Surface(name=null mNativeObject=-5476376613998230640)/@0x8a94f30, valid=true, encoded=2000x1200
[1787212258111] VD: setupDecoder: 2000x1200, decoder=c2.qti.hevc.decoder
[1787212258163] VD: Configured with full low-latency
[1787212258164] VD: Surface frame rate requested: 60.000004Hz fixed-source
[1787212258191] VD: Decoder started: 2000x1200 @ 60.000004Hz, surface=Surface(name=null mNativeObject=-5476376613998230640)/@0x8a94f30, valid=true
[1787212258193] MA: Decoder configuration committed 2000x1200 epoch=1
[1787212258198] MA: onDisplayGeometry: 2000x1200 @ 0°
[1787212258225] VD: First frame: size=62530, header=[00 00 00 01 40 01 0c 01 ff ff 01 60 00 00 03 00], keyframe=true, surface=Surface(name=null mNativeObject=-5476376613998230640)/@0x8a94f30, valid=true
[1787212258242] MA: surfaceChanged: 1264x758
[1787212258251] VD: Output format changed: {crop-right=1999, max-height=4320, sar-width=1, color-format=2130708361, mime=video/raw, hdr-static-info=java.nio.HeapByteBuffer[pos=0 lim=25 cap=25], priority=0, color-standard=1, feature-secure-playback=0, color-transfer=3, sar-height=1, hdr10-plus-info=java.nio.HeapByteBuffer[pos=0 lim=0 cap=0], crop-bottom=1199, max-width=8192, crop-left=0, width=2000, color-range=1, crop-top=0, rotation-degrees=0, frame-rate=1, height=1200}
[1787212258251] VD: First output frame! size=1, flags=1
[1787212258263] MA: surfaceChanged: 1264x758
[1787212258271] MA: surfaceChanged: 2106x1264
[1787212259146] VD: Decode stats: input=60, output=59, dropped=0, availBufs=10
[1787212259152] VD: Output #60: decoder latency avg=7.7ms max=39.5ms over 60 samples, input bufs avail=10, dropped=0
[1787212260152] VD: Decode stats: input=120, output=119, dropped=0, availBufs=10
[1787212260159] VD: Output #120: decoder latency avg=6.9ms max=14.0ms over 60 samples, input bufs avail=10, dropped=0
[1787212261144] VD: Decode stats: input=180, output=179, dropped=0, availBufs=10
[1787212261151] VD: Output #180: decoder latency avg=7.1ms max=12.6ms over 60 samples, input bufs avail=10, dropped=0
[1787212262144] VD: Decode stats: input=240, output=239, dropped=0, availBufs=10
[1787212262156] VD: Output #240: decoder latency avg=6.8ms max=13.5ms over 60 samples, input bufs avail=9, dropped=0
[1787212263148] VD: Decode stats: input=300, output=299, dropped=0, availBufs=10
[1787212263153] VD: Output #300: decoder latency avg=7.3ms max=13.0ms over 60 samples, input bufs avail=10, dropped=0
[1787212264154] VD: Decode stats: input=360, output=359, dropped=0, availBufs=10
[1787212264160] VD: Output #360: decoder latency avg=7.0ms max=12.3ms over 60 samples, input bufs avail=9, dropped=0
[1787212265151] VD: Decode stats: input=420, output=419, dropped=0, availBufs=10
[1787212265161] VD: Output #420: decoder latency avg=7.2ms max=15.0ms over 60 samples, input bufs avail=10, dropped=0
[1787212266147] VD: Decode stats: input=480, output=479, dropped=0, availBufs=10
[1787212266152] VD: Output #480: decoder latency avg=7.2ms max=13.2ms over 60 samples, input bufs avail=10, dropped=0
[1787212267148] VD: Decode stats: input=540, output=539, dropped=0, availBufs=10
[1787212267154] VD: Output #540: decoder latency avg=6.6ms max=12.0ms over 60 samples, input bufs avail=10, dropped=0
[1787212268146] VD: Decode stats: input=600, output=599, dropped=0, availBufs=10
[1787212268152] VD: Output #600: decoder latency avg=6.8ms max=15.5ms over 60 samples, input bufs avail=10, dropped=0
[1787212269153] VD: Decode stats: input=660, output=659, dropped=0, availBufs=10
[1787212269160] VD: Output #660: decoder latency avg=6.9ms max=15.1ms over 60 samples, input bufs avail=9, dropped=0
[1787212270146] VD: Decode stats: input=720, output=719, dropped=0, availBufs=10
[1787212270151] VD: Output #720: decoder latency avg=7.3ms max=20.3ms over 60 samples, input bufs avail=10, dropped=0
[1787212271150] VD: Decode stats: input=780, output=779, dropped=0, availBufs=10
[1787212271158] VD: Output #780: decoder latency avg=7.6ms max=15.5ms over 60 samples, input bufs avail=9, dropped=0
[1787212272146] VD: Decode stats: input=840, output=839, dropped=0, availBufs=10
[1787212272151] VD: Output #840: decoder latency avg=7.9ms max=20.9ms over 60 samples, input bufs avail=10, dropped=0
[1787212273146] VD: Decode stats: input=900, output=899, dropped=0, availBufs=10
[1787212273153] VD: Output #900: decoder latency avg=7.5ms max=20.0ms over 60 samples, input bufs avail=9, dropped=0
[1787212274146] VD: Decode stats: input=960, output=959, dropped=0, availBufs=10
[1787212274153] VD: Output #960: decoder latency avg=7.5ms max=13.6ms over 60 samples, input bufs avail=10, dropped=0
[1787212275144] VD: Decode stats: input=1020, output=1019, dropped=0, availBufs=10
[1787212275151] VD: Output #1020: decoder latency avg=7.6ms max=22.7ms over 60 samples, input bufs avail=10, dropped=0
[1787212276146] VD: Decode stats: input=1080, output=1079, dropped=0, availBufs=10
[1787212276154] VD: Output #1080: decoder latency avg=7.4ms max=11.8ms over 60 samples, input bufs avail=9, dropped=0
[1787212277145] VD: Decode stats: input=1140, output=1139, dropped=0, availBufs=10
[1787212277154] VD: Output #1140: decoder latency avg=7.4ms max=14.4ms over 60 samples, input bufs avail=10, dropped=0
[1787212278146] VD: Decode stats: input=1200, output=1199, dropped=0, availBufs=10
[1787212278152] VD: Output #1200: decoder latency avg=8.0ms max=13.8ms over 60 samples, input bufs avail=10, dropped=0
[1787212279146] VD: Decode stats: input=1260, output=1259, dropped=0, availBufs=10
[1787212279153] VD: Output #1260: decoder latency avg=7.6ms max=14.7ms over 60 samples, input bufs avail=10, dropped=0
[1787212280152] VD: Decode stats: input=1320, output=1319, dropped=0, availBufs=10
[1787212280156] VD: Output #1320: decoder latency avg=7.4ms max=15.2ms over 60 samples, input bufs avail=9, dropped=0
[1787212281147] VD: Decode stats: input=1380, output=1379, dropped=0, availBufs=10
[1787212281152] VD: Output #1380: decoder latency avg=7.5ms max=16.1ms over 60 samples, input bufs avail=9, dropped=0
[1787212282147] VD: Decode stats: input=1440, output=1439, dropped=0, availBufs=10
[1787212282154] VD: Output #1440: decoder latency avg=6.9ms max=13.5ms over 60 samples, input bufs avail=10, dropped=0
[1787212283145] VD: Decode stats: input=1500, output=1499, dropped=0, availBufs=10
[1787212283150] VD: Output #1500: decoder latency avg=7.8ms max=17.4ms over 60 samples, input bufs avail=10, dropped=0
[1787212284146] VD: Decode stats: input=1560, output=1559, dropped=0, availBufs=10
[1787212284151] VD: Output #1560: decoder latency avg=7.0ms max=12.0ms over 60 samples, input bufs avail=9, dropped=0
[1787212285146] VD: Decode stats: input=1620, output=1619, dropped=0, availBufs=10
[1787212285152] VD: Output #1620: decoder latency avg=7.5ms max=14.1ms over 60 samples, input bufs avail=10, dropped=0
[1787212286144] VD: Decode stats: input=1680, output=1679, dropped=0, availBufs=10
[1787212286149] VD: Output #1680: decoder latency avg=7.9ms max=15.3ms over 60 samples, input bufs avail=10, dropped=0
[1787212287152] VD: Decode stats: input=1740, output=1739, dropped=0, availBufs=10
[1787212287157] VD: Output #1740: decoder latency avg=7.7ms max=15.4ms over 60 samples, input bufs avail=10, dropped=0
[1787212288149] VD: Decode stats: input=1800, output=1799, dropped=0, availBufs=10
[1787212288155] VD: Output #1800: decoder latency avg=5.4ms max=9.8ms over 60 samples, input bufs avail=10, dropped=0
[1787212289155] VD: Decode stats: input=1860, output=1859, dropped=0, availBufs=10
[1787212289161] VD: Output #1860: decoder latency avg=7.1ms max=12.1ms over 60 samples, input bufs avail=10, dropped=0
[1787212290144] VD: Decode stats: input=1920, output=1919, dropped=0, availBufs=10
[1787212290150] VD: Output #1920: decoder latency avg=6.9ms max=12.8ms over 60 samples, input bufs avail=10, dropped=0
[1787212291145] VD: Decode stats: input=1980, output=1979, dropped=0, availBufs=10
[1787212291152] VD: Output #1980: decoder latency avg=7.3ms max=13.8ms over 60 samples, input bufs avail=10, dropped=0
[1787212292153] VD: Decode stats: input=2040, output=2039, dropped=0, availBufs=10
[1787212292168] VD: Output #2040: decoder latency avg=7.7ms max=16.6ms over 60 samples, input bufs avail=9, dropped=0
[1787212293154] VD: Decode stats: input=2100, output=2099, dropped=0, availBufs=10
[1787212293162] VD: Output #2100: decoder latency avg=7.7ms max=16.4ms over 60 samples, input bufs avail=10, dropped=0
[1787212294148] VD: Decode stats: input=2160, output=2159, dropped=0, availBufs=10
[1787212294153] VD: Output #2160: decoder latency avg=7.2ms max=13.1ms over 60 samples, input bufs avail=10, dropped=0
[1787212295152] VD: Decode stats: input=2220, output=2219, dropped=0, availBufs=10
[1787212295158] VD: Output #2220: decoder latency avg=7.4ms max=14.7ms over 60 samples, input bufs avail=10, dropped=0
[1787212296147] VD: Decode stats: input=2280, output=2279, dropped=0, availBufs=10
[1787212296152] VD: Output #2280: decoder latency avg=6.5ms max=12.9ms over 60 samples, input bufs avail=10, dropped=0
[1787212297147] VD: Decode stats: input=2340, output=2339, dropped=0, availBufs=10
[1787212297154] VD: Output #2340: decoder latency avg=7.6ms max=16.3ms over 60 samples, input bufs avail=10, dropped=0
[1787212298154] VD: Decode stats: input=2400, output=2399, dropped=0, availBufs=10
[1787212298163] VD: Output #2400: decoder latency avg=6.5ms max=14.0ms over 60 samples, input bufs avail=10, dropped=0
[1787212299154] VD: Decode stats: input=2460, output=2459, dropped=0, availBufs=10
[1787212299163] VD: Output #2460: decoder latency avg=7.4ms max=11.9ms over 60 samples, input bufs avail=10, dropped=0
[1787212300154] VD: Decode stats: input=2520, output=2519, dropped=0, availBufs=10
[1787212300161] VD: Output #2520: decoder latency avg=7.0ms max=18.2ms over 60 samples, input bufs avail=10, dropped=0
[1787212301151] VD: Decode stats: input=2580, output=2579, dropped=0, availBufs=10
[1787212301162] VD: Output #2580: decoder latency avg=7.5ms max=12.4ms over 60 samples, input bufs avail=9, dropped=0
[1787212302155] VD: Decode stats: input=2640, output=2639, dropped=0, availBufs=10
[1787212302163] VD: Output #2640: decoder latency avg=7.8ms max=14.7ms over 60 samples, input bufs avail=10, dropped=0
[1787212303152] VD: Decode stats: input=2700, output=2699, dropped=0, availBufs=10
[1787212303157] VD: Output #2700: decoder latency avg=7.0ms max=17.8ms over 60 samples, input bufs avail=10, dropped=0
[1787212304156] VD: Decode stats: input=2760, output=2759, dropped=0, availBufs=10
[1787212304165] VD: Output #2760: decoder latency avg=7.6ms max=16.9ms over 60 samples, input bufs avail=10, dropped=0
[1787212305154] VD: Decode stats: input=2820, output=2819, dropped=0, availBufs=10
[1787212305162] VD: Output #2820: decoder latency avg=7.5ms max=12.9ms over 60 samples, input bufs avail=10, dropped=0
[1787212306155] VD: Decode stats: input=2880, output=2879, dropped=0, availBufs=10
[1787212306170] VD: Output #2880: decoder latency avg=7.4ms max=14.0ms over 60 samples, input bufs avail=9, dropped=0
[1787212307148] VD: Decode stats: input=2940, output=2939, dropped=0, availBufs=10
[1787212307161] VD: Output #2940: decoder latency avg=7.4ms max=14.7ms over 60 samples, input bufs avail=10, dropped=0
[1787212308147] VD: Decode stats: input=3000, output=2999, dropped=0, availBufs=10
[1787212308156] VD: Output #3000: decoder latency avg=7.6ms max=12.8ms over 60 samples, input bufs avail=10, dropped=0
[1787212309148] VD: Decode stats: input=3060, output=3059, dropped=0, availBufs=10
[1787212309156] VD: Output #3060: decoder latency avg=7.7ms max=14.2ms over 60 samples, input bufs avail=10, dropped=0
[1787212310146] VD: Decode stats: input=3120, output=3119, dropped=0, availBufs=10
[1787212310154] VD: Output #3120: decoder latency avg=7.4ms max=15.3ms over 60 samples, input bufs avail=10, dropped=0
[1787212311146] VD: Decode stats: input=3180, output=3179, dropped=0, availBufs=10
[1787212311153] VD: Output #3180: decoder latency avg=7.7ms max=18.6ms over 60 samples, input bufs avail=10, dropped=0
[1787212312145] VD: Decode stats: input=3240, output=3239, dropped=0, availBufs=10
[1787212312150] VD: Output #3240: decoder latency avg=7.6ms max=14.2ms over 60 samples, input bufs avail=10, dropped=0
[1787212313145] VD: Decode stats: input=3300, output=3299, dropped=0, availBufs=10
[1787212313149] VD: Output #3300: decoder latency avg=7.4ms max=19.1ms over 60 samples, input bufs avail=10, dropped=0
[1787212314146] VD: Decode stats: input=3360, output=3359, dropped=0, availBufs=10
[1787212314152] VD: Output #3360: decoder latency avg=7.0ms max=16.4ms over 60 samples, input bufs avail=10, dropped=0
[1787212315145] VD: Decode stats: input=3420, output=3419, dropped=0, availBufs=10
[1787212315151] VD: Output #3420: decoder latency avg=6.9ms max=11.9ms over 60 samples, input bufs avail=10, dropped=0
[1787212316146] VD: Decode stats: input=3480, output=3479, dropped=0, availBufs=10
[1787212316151] VD: Output #3480: decoder latency avg=7.6ms max=15.7ms over 60 samples, input bufs avail=9, dropped=0
[1787212317146] VD: Decode stats: input=3540, output=3539, dropped=0, availBufs=10
[1787212317152] VD: Output #3540: decoder latency avg=7.7ms max=15.0ms over 60 samples, input bufs avail=10, dropped=0
[1787212318145] VD: Decode stats: input=3600, output=3599, dropped=0, availBufs=10
[1787212318151] VD: Output #3600: decoder latency avg=7.8ms max=13.5ms over 60 samples, input bufs avail=10, dropped=0
[1787212319146] VD: Decode stats: input=3660, output=3659, dropped=0, availBufs=10
[1787212319158] VD: Output #3660: decoder latency avg=7.5ms max=14.6ms over 60 samples, input bufs avail=10, dropped=0
[1787212320146] VD: Decode stats: input=3720, output=3719, dropped=0, availBufs=10
[1787212320153] VD: Output #3720: decoder latency avg=6.8ms max=14.1ms over 60 samples, input bufs avail=10, dropped=0
[1787212321147] VD: Decode stats: input=3780, output=3779, dropped=0, availBufs=10
[1787212321151] VD: Output #3780: decoder latency avg=7.5ms max=19.1ms over 60 samples, input bufs avail=9, dropped=0
[1787212322154] VD: Decode stats: input=3840, output=3839, dropped=0, availBufs=10
[1787212322161] VD: Output #3840: decoder latency avg=7.5ms max=12.2ms over 60 samples, input bufs avail=10, dropped=0
[1787212323154] VD: Decode stats: input=3900, output=3899, dropped=0, availBufs=10
[1787212323160] VD: Output #3900: decoder latency avg=7.4ms max=15.2ms over 60 samples, input bufs avail=10, dropped=0
[1787212324146] VD: Decode stats: input=3960, output=3959, dropped=0, availBufs=10
[1787212324155] VD: Output #3960: decoder latency avg=7.0ms max=12.5ms over 60 samples, input bufs avail=10, dropped=0
[1787212325155] VD: Decode stats: input=4020, output=4019, dropped=0, availBufs=10
[1787212325162] VD: Output #4020: decoder latency avg=7.7ms max=15.3ms over 60 samples, input bufs avail=10, dropped=0
[1787212326154] VD: Decode stats: input=4080, output=4079, dropped=0, availBufs=10
[1787212326160] VD: Output #4080: decoder latency avg=7.8ms max=13.3ms over 60 samples, input bufs avail=10, dropped=0
[1787212327144] VD: Decode stats: input=4140, output=4139, dropped=0, availBufs=10
[1787212327148] VD: Output #4140: decoder latency avg=7.6ms max=15.0ms over 60 samples, input bufs avail=10, dropped=0
[1787212328154] VD: Decode stats: input=4200, output=4199, dropped=0, availBufs=10
[1787212328163] VD: Output #4200: decoder latency avg=7.4ms max=13.6ms over 60 samples, input bufs avail=10, dropped=0
[1787212329153] VD: Decode stats: input=4260, output=4259, dropped=0, availBufs=10
[1787212329160] VD: Output #4260: decoder latency avg=7.3ms max=13.5ms over 60 samples, input bufs avail=10, dropped=0
[1787212330149] VD: Decode stats: input=4320, output=4319, dropped=0, availBufs=10
[1787212330154] VD: Output #4320: decoder latency avg=7.6ms max=16.8ms over 60 samples, input bufs avail=10, dropped=0
[1787212331146] VD: Decode stats: input=4380, output=4379, dropped=0, availBufs=10
[1787212331152] VD: Output #4380: decoder latency avg=7.7ms max=15.5ms over 60 samples, input bufs avail=10, dropped=0
[1787212332153] VD: Decode stats: input=4440, output=4439, dropped=0, availBufs=10
[1787212332163] VD: Output #4440: decoder latency avg=7.6ms max=14.2ms over 60 samples, input bufs avail=9, dropped=0
[1787212333156] VD: Decode stats: input=4500, output=4499, dropped=0, availBufs=10
[1787212333162] VD: Output #4500: decoder latency avg=7.4ms max=14.9ms over 60 samples, input bufs avail=10, dropped=0
[1787212334146] VD: Decode stats: input=4560, output=4559, dropped=0, availBufs=10
[1787212334152] VD: Output #4560: decoder latency avg=7.2ms max=12.0ms over 60 samples, input bufs avail=9, dropped=0
[1787212335144] VD: Decode stats: input=4620, output=4619, dropped=0, availBufs=10
[1787212335148] VD: Output #4620: decoder latency avg=7.8ms max=23.7ms over 60 samples, input bufs avail=10, dropped=0
[1787212336152] VD: Decode stats: input=4680, output=4679, dropped=0, availBufs=10
[1787212336159] VD: Output #4680: decoder latency avg=7.0ms max=12.5ms over 60 samples, input bufs avail=9, dropped=0
[1787212337145] VD: Decode stats: input=4740, output=4739, dropped=0, availBufs=10
[1787212337158] VD: Output #4740: decoder latency avg=7.6ms max=16.8ms over 60 samples, input bufs avail=10, dropped=0
[1787212338144] VD: Decode stats: input=4800, output=4799, dropped=0, availBufs=10
[1787212338150] VD: Output #4800: decoder latency avg=8.5ms max=24.7ms over 60 samples, input bufs avail=9, dropped=0
[1787212339151] VD: Decode stats: input=4860, output=4859, dropped=0, availBufs=10
[1787212339155] VD: Output #4860: decoder latency avg=7.8ms max=18.3ms over 60 samples, input bufs avail=10, dropped=0
[1787212340155] VD: Decode stats: input=4920, output=4919, dropped=0, availBufs=10
[1787212340163] VD: Output #4920: decoder latency avg=7.7ms max=14.3ms over 60 samples, input bufs avail=10, dropped=0
[1787212341155] VD: Decode stats: input=4980, output=4979, dropped=0, availBufs=10
[1787212341164] VD: Output #4980: decoder latency avg=7.3ms max=12.4ms over 60 samples, input bufs avail=10, dropped=0
[1787212342156] VD: Decode stats: input=5040, output=5039, dropped=0, availBufs=10
[1787212342165] VD: Output #5040: decoder latency avg=7.6ms max=18.1ms over 60 samples, input bufs avail=10, dropped=0
[1787212343154] VD: Decode stats: input=5100, output=5099, dropped=0, availBufs=10
[1787212343161] VD: Output #5100: decoder latency avg=7.0ms max=14.5ms over 60 samples, input bufs avail=9, dropped=0
[1787212344153] VD: Decode stats: input=5160, output=5159, dropped=0, availBufs=10
[1787212344159] VD: Output #5160: decoder latency avg=7.3ms max=12.2ms over 60 samples, input bufs avail=10, dropped=0
[1787212345152] VD: Decode stats: input=5220, output=5219, dropped=0, availBufs=10
[1787212345160] VD: Output #5220: decoder latency avg=7.4ms max=16.5ms over 60 samples, input bufs avail=9, dropped=0
[1787212346152] VD: Decode stats: input=5280, output=5279, dropped=0, availBufs=10
[1787212346159] VD: Output #5280: decoder latency avg=7.7ms max=15.3ms over 60 samples, input bufs avail=10, dropped=0
[1787212347151] VD: Decode stats: input=5340, output=5339, dropped=0, availBufs=10
[1787212347158] VD: Output #5340: decoder latency avg=7.5ms max=17.9ms over 60 samples, input bufs avail=10, dropped=0
[1787212348146] VD: Decode stats: input=5400, output=5399, dropped=0, availBufs=10
[1787212348151] VD: Output #5400: decoder latency avg=7.0ms max=14.5ms over 60 samples, input bufs avail=10, dropped=0
[1787212349144] VD: Decode stats: input=5460, output=5459, dropped=0, availBufs=10
[1787212349148] VD: Output #5460: decoder latency avg=5.7ms max=15.3ms over 60 samples, input bufs avail=10, dropped=0
[1787212350144] VD: Decode stats: input=5520, output=5519, dropped=0, availBufs=10
[1787212350148] VD: Output #5520: decoder latency avg=6.6ms max=13.2ms over 60 samples, input bufs avail=10, dropped=0
[1787212351144] VD: Decode stats: input=5580, output=5579, dropped=0, availBufs=10
[1787212351150] VD: Output #5580: decoder latency avg=7.5ms max=15.1ms over 60 samples, input bufs avail=9, dropped=0
[1787212352146] VD: Decode stats: input=5640, output=5639, dropped=0, availBufs=10
[1787212352152] VD: Output #5640: decoder latency avg=7.6ms max=11.1ms over 60 samples, input bufs avail=9, dropped=0
[1787212353145] VD: Decode stats: input=5700, output=5699, dropped=0, availBufs=10
[1787212353152] VD: Output #5700: decoder latency avg=7.7ms max=18.5ms over 60 samples, input bufs avail=9, dropped=0
[1787212354145] VD: Decode stats: input=5760, output=5759, dropped=0, availBufs=10
[1787212354155] VD: Output #5760: decoder latency avg=7.8ms max=16.5ms over 60 samples, input bufs avail=10, dropped=0
[1787212355144] VD: Decode stats: input=5820, output=5819, dropped=0, availBufs=10
[1787212355151] VD: Output #5820: decoder latency avg=7.9ms max=19.5ms over 60 samples, input bufs avail=10, dropped=0
[1787212356143] VD: Decode stats: input=5880, output=5879, dropped=0, availBufs=10
[1787212356148] VD: Output #5880: decoder latency avg=6.6ms max=14.8ms over 60 samples, input bufs avail=10, dropped=0
[1787212357145] VD: Decode stats: input=5940, output=5939, dropped=0, availBufs=10
[1787212357151] VD: Output #5940: decoder latency avg=7.3ms max=15.8ms over 60 samples, input bufs avail=10, dropped=0
[1787212358144] VD: Decode stats: input=6000, output=5999, dropped=0, availBufs=10
[1787212358151] VD: Output #6000: decoder latency avg=7.5ms max=22.2ms over 60 samples, input bufs avail=9, dropped=0
[1787212359144] VD: Decode stats: input=6060, output=6059, dropped=0, availBufs=10
[1787212359148] VD: Output #6060: decoder latency avg=6.7ms max=11.9ms over 60 samples, input bufs avail=10, dropped=0
[1787212359200] MA: session ended kind=SERVER_SHUTDOWN retryable=false
[1787212359821] MA: surfaceDestroyed
[1787212359864] MA: lifecycle background connected=false; retries paused
[1787220056176] MA: device health battery=100 charging=true saver=false thermal=nominal
[1787220056176] MA: lifecycle foreground connected=false
[1787220056224] MA: surfaceCreated
[1787220056224] MA: surfaceChanged: 1264x2800
[1787220056419] SC: Protocol v1 upgrade accepted
[1787220056419] SC: Connected to 127.0.0.1:54321
[1787220056434] MA: onHostActionsAvailable: move-window, return-windows
[1787220056437] MA: onDisplaysAvailable: count=3 selected=6 negotiated=[CAPABILITY_TOUCH, CAPABILITY_KEYBOARD, CAPABILITY_POINTER, CAPABILITY_STYLUS, CAPABILITY_CLIPBOARD, CAPABILITY_FILE_TRANSFER, CAPABILITY_COLOR_MANAGEMENT, CAPABILITY_MULTI_DISPLAY, CAPABILITY_HOST_ACTIONS, CAPABILITY_MANAGED_CONFIGURATION, CAPABILITY_CLIENT_VIDEO_CONTROL, CAPABILITY_STYLUS_EXTENDED, CAPABILITY_USB_HID_MODIFIER_BYTE] displays=6:Vibe Screen Virtual (扩展屏):2000x1200:primary=false, 1:Built-in Retina Display:1512x982:primary=true, 3:DELL U2723QE:1920x1080:primary=false
[1787220056437] MA: session binding promoted: displaySelection=true keyboard=true nativePointer=true controller=false hostActions=true clipboard=true
[1787220056443] MA: onVideoConfiguration: 2000x1200 @ 0° epoch=1
[1787220056444] MA: Video config arrived, initializing decoder 2000x1200
[1787220056444] MA: initializeDecoder called, surface=Surface(name=null mNativeObject=-5476376613998225696)/@0x48d78ec, valid=true, encoded=2000x1200
[1787220056447] VD: setupDecoder: 2000x1200, decoder=c2.qti.hevc.decoder
[1787220056478] VD: Configured with full low-latency
[1787220056479] VD: Surface frame rate requested: 120.00001Hz fixed-source
[1787220056498] VD: Decoder started: 2000x1200 @ 120.00001Hz, surface=Surface(name=null mNativeObject=-5476376613998225696)/@0x48d78ec, valid=true
[1787220056501] MA: Decoder configuration committed 2000x1200 epoch=1
[1787220056504] MA: onDisplayGeometry: 2000x1200 @ 0°
[1787220056533] MA: surfaceChanged: 1264x758
[1787220056541] VD: First frame: size=62541, header=[00 00 00 01 40 01 0c 01 ff ff 01 60 00 00 03 00], keyframe=true, surface=Surface(name=null mNativeObject=-5476376613998225696)/@0x48d78ec, valid=true
[1787220056564] MA: surfaceChanged: 1264x758
[1787220056564] MA: surfaceChanged: 2106x1264
[1787220056571] VD: Output format changed: {crop-right=1999, max-height=4320, sar-width=1, color-format=2130708361, mime=video/raw, hdr-static-info=java.nio.HeapByteBuffer[pos=0 lim=25 cap=25], priority=0, color-standard=1, feature-secure-playback=0, color-transfer=3, sar-height=1, hdr10-plus-info=java.nio.HeapByteBuffer[pos=0 lim=0 cap=0], crop-bottom=1199, max-width=8192, crop-left=0, width=2000, color-range=1, crop-top=0, rotation-degrees=0, frame-rate=1, height=1200}
[1787220056571] VD: First output frame! size=1, flags=1
[1787220057468] VD: Decode stats: input=60, output=59, dropped=0, availBufs=10
[1787220057472] VD: Output #60: decoder latency avg=6.1ms max=30.0ms over 60 samples, input bufs avail=10, dropped=0
[1787220058476] VD: Decode stats: input=120, output=119, dropped=0, availBufs=10
[1787220058480] VD: Output #120: decoder latency avg=4.5ms max=9.1ms over 60 samples, input bufs avail=9, dropped=0
[1787220059470] VD: Decode stats: input=180, output=179, dropped=0, availBufs=10
[1787220059484] VD: Output #180: decoder latency avg=6.5ms max=13.9ms over 60 samples, input bufs avail=10, dropped=0
[1787220060466] VD: Decode stats: input=240, output=239, dropped=0, availBufs=10
[1787220060471] VD: Output #240: decoder latency avg=6.0ms max=9.9ms over 60 samples, input bufs avail=10, dropped=0
[1787220061469] VD: Decode stats: input=300, output=299, dropped=0, availBufs=10
[1787220061479] VD: Output #300: decoder latency avg=5.8ms max=11.5ms over 60 samples, input bufs avail=10, dropped=0
[1787220062470] VD: Decode stats: input=360, output=359, dropped=0, availBufs=10
[1787220062480] VD: Output #360: decoder latency avg=6.4ms max=13.4ms over 60 samples, input bufs avail=10, dropped=0
[1787220063468] VD: Decode stats: input=420, output=419, dropped=0, availBufs=10
[1787220063480] VD: Output #420: decoder latency avg=6.5ms max=12.2ms over 60 samples, input bufs avail=10, dropped=0
[1787220064463] VD: Decode stats: input=480, output=479, dropped=0, availBufs=10
[1787220064473] VD: Output #480: decoder latency avg=6.1ms max=10.9ms over 60 samples, input bufs avail=10, dropped=0
[1787220065467] VD: Decode stats: input=540, output=539, dropped=0, availBufs=10
[1787220065474] VD: Output #540: decoder latency avg=6.1ms max=9.9ms over 60 samples, input bufs avail=9, dropped=0
[1787220066468] VD: Decode stats: input=600, output=599, dropped=0, availBufs=10
[1787220066474] VD: Output #600: decoder latency avg=6.1ms max=12.6ms over 60 samples, input bufs avail=10, dropped=0
[1787220067460] VD: Decode stats: input=660, output=659, dropped=0, availBufs=10
[1787220067466] VD: Output #660: decoder latency avg=6.1ms max=11.9ms over 60 samples, input bufs avail=10, dropped=0
[1787220068466] VD: Decode stats: input=720, output=719, dropped=0, availBufs=10
[1787220068476] VD: Output #720: decoder latency avg=4.8ms max=9.6ms over 60 samples, input bufs avail=10, dropped=0
[1787220069468] VD: Decode stats: input=780, output=779, dropped=0, availBufs=10
[1787220069479] VD: Output #780: decoder latency avg=6.2ms max=13.7ms over 60 samples, input bufs avail=10, dropped=0
[1787220070470] VD: Decode stats: input=840, output=839, dropped=0, availBufs=10
[1787220070478] VD: Output #840: decoder latency avg=6.6ms max=13.4ms over 60 samples, input bufs avail=10, dropped=0
[1787220071466] VD: Decode stats: input=900, output=899, dropped=0, availBufs=10
[1787220071471] VD: Output #900: decoder latency avg=6.6ms max=13.0ms over 60 samples, input bufs avail=10, dropped=0
[1787220072464] VD: Decode stats: input=960, output=959, dropped=0, availBufs=10
[1787220072467] VD: Output #960: decoder latency avg=6.7ms max=15.5ms over 60 samples, input bufs avail=10, dropped=0
[1787220073467] VD: Decode stats: input=1020, output=1019, dropped=0, availBufs=10
[1787220073474] VD: Output #1020: decoder latency avg=6.6ms max=12.8ms over 60 samples, input bufs avail=9, dropped=0
[1787220074461] VD: Decode stats: input=1080, output=1079, dropped=0, availBufs=10
[1787220074467] VD: Output #1080: decoder latency avg=6.1ms max=13.1ms over 60 samples, input bufs avail=10, dropped=0
[1787220075470] VD: Decode stats: input=1140, output=1139, dropped=0, availBufs=10
[1787220075476] VD: Output #1140: decoder latency avg=6.6ms max=14.7ms over 60 samples, input bufs avail=10, dropped=0
[1787220076461] VD: Decode stats: input=1200, output=1199, dropped=0, availBufs=10
[1787220076464] VD: Output #1200: decoder latency avg=6.4ms max=11.1ms over 60 samples, input bufs avail=10, dropped=0
[1787220077461] VD: Decode stats: input=1260, output=1259, dropped=0, availBufs=10
[1787220077467] VD: Output #1260: decoder latency avg=6.5ms max=13.7ms over 60 samples, input bufs avail=10, dropped=0
[1787220078462] VD: Decode stats: input=1320, output=1319, dropped=0, availBufs=10
[1787220078469] VD: Output #1320: decoder latency avg=6.6ms max=12.6ms over 60 samples, input bufs avail=10, dropped=0
[1787220079461] VD: Decode stats: input=1380, output=1379, dropped=0, availBufs=10
[1787220079466] VD: Output #1380: decoder latency avg=6.4ms max=13.4ms over 60 samples, input bufs avail=10, dropped=0
[1787220080460] VD: Decode stats: input=1440, output=1439, dropped=0, availBufs=10
[1787220080466] VD: Output #1440: decoder latency avg=6.2ms max=14.1ms over 60 samples, input bufs avail=10, dropped=0
[1787220081463] VD: Decode stats: input=1500, output=1499, dropped=0, availBufs=10
[1787220081472] VD: Output #1500: decoder latency avg=6.7ms max=14.9ms over 60 samples, input bufs avail=10, dropped=0
[1787220082461] VD: Decode stats: input=1560, output=1559, dropped=0, availBufs=10
[1787220082467] VD: Output #1560: decoder latency avg=6.5ms max=11.8ms over 60 samples, input bufs avail=10, dropped=0
[1787220083460] VD: Decode stats: input=1620, output=1619, dropped=0, availBufs=10
[1787220083467] VD: Output #1620: decoder latency avg=6.8ms max=14.9ms over 60 samples, input bufs avail=10, dropped=0
[1787220084459] VD: Decode stats: input=1680, output=1679, dropped=0, availBufs=10
[1787220084463] VD: Output #1680: decoder latency avg=6.3ms max=15.2ms over 60 samples, input bufs avail=10, dropped=0
[1787220085463] VD: Decode stats: input=1740, output=1739, dropped=0, availBufs=10
[1787220085470] VD: Output #1740: decoder latency avg=6.4ms max=13.1ms over 60 samples, input bufs avail=10, dropped=0
[1787220086460] VD: Decode stats: input=1800, output=1799, dropped=0, availBufs=10
[1787220086465] VD: Output #1800: decoder latency avg=6.6ms max=15.0ms over 60 samples, input bufs avail=10, dropped=0
[1787220087461] VD: Decode stats: input=1860, output=1859, dropped=0, availBufs=10
[1787220087466] VD: Output #1860: decoder latency avg=6.3ms max=11.0ms over 60 samples, input bufs avail=10, dropped=0
[1787220088462] VD: Decode stats: input=1920, output=1919, dropped=0, availBufs=10
[1787220088469] VD: Output #1920: decoder latency avg=6.7ms max=15.0ms over 60 samples, input bufs avail=10, dropped=0
[1787220089462] VD: Decode stats: input=1980, output=1979, dropped=0, availBufs=10
[1787220089471] VD: Output #1980: decoder latency avg=6.2ms max=13.5ms over 60 samples, input bufs avail=10, dropped=0
[1787220090466] VD: Decode stats: input=2040, output=2039, dropped=0, availBufs=10
[1787220090475] VD: Output #2040: decoder latency avg=6.7ms max=15.0ms over 60 samples, input bufs avail=10, dropped=0
[1787220091466] VD: Decode stats: input=2100, output=2099, dropped=0, availBufs=10
[1787220091473] VD: Output #2100: decoder latency avg=6.9ms max=17.7ms over 60 samples, input bufs avail=10, dropped=0
[1787220092466] VD: Decode stats: input=2160, output=2159, dropped=0, availBufs=10
[1787220092474] VD: Output #2160: decoder latency avg=6.7ms max=13.6ms over 60 samples, input bufs avail=9, dropped=0
[1787220093467] VD: Decode stats: input=2220, output=2219, dropped=0, availBufs=10
[1787220093471] VD: Output #2220: decoder latency avg=6.5ms max=17.4ms over 60 samples, input bufs avail=10, dropped=0
[1787220094466] VD: Decode stats: input=2280, output=2279, dropped=0, availBufs=10
[1787220094475] VD: Output #2280: decoder latency avg=6.3ms max=13.7ms over 60 samples, input bufs avail=10, dropped=0
[1787220095464] VD: Decode stats: input=2340, output=2339, dropped=0, availBufs=10
[1787220095471] VD: Output #2340: decoder latency avg=6.3ms max=15.5ms over 60 samples, input bufs avail=10, dropped=0
[1787220096469] VD: Decode stats: input=2400, output=2399, dropped=0, availBufs=10
[1787220096473] VD: Output #2400: decoder latency avg=6.6ms max=13.1ms over 60 samples, input bufs avail=10, dropped=0
[1787220097461] VD: Decode stats: input=2460, output=2459, dropped=0, availBufs=10
[1787220097468] VD: Output #2460: decoder latency avg=6.6ms max=12.7ms over 60 samples, input bufs avail=10, dropped=0
[1787220098463] VD: Decode stats: input=2520, output=2519, dropped=0, availBufs=10
[1787220098476] VD: Output #2520: decoder latency avg=6.6ms max=13.5ms over 60 samples, input bufs avail=10, dropped=0
[1787220099471] VD: Decode stats: input=2580, output=2579, dropped=0, availBufs=10
[1787220099478] VD: Output #2580: decoder latency avg=6.3ms max=12.9ms over 60 samples, input bufs avail=10, dropped=0
[1787220100466] VD: Decode stats: input=2640, output=2639, dropped=0, availBufs=10
[1787220100469] VD: Output #2640: decoder latency avg=6.0ms max=13.5ms over 60 samples, input bufs avail=10, dropped=0
[1787220101470] VD: Decode stats: input=2700, output=2699, dropped=0, availBufs=10
[1787220101477] VD: Output #2700: decoder latency avg=5.7ms max=11.9ms over 60 samples, input bufs avail=10, dropped=0
[1787220102467] VD: Decode stats: input=2760, output=2759, dropped=0, availBufs=10
[1787220102474] VD: Output #2760: decoder latency avg=6.5ms max=12.8ms over 60 samples, input bufs avail=10, dropped=0
[1787220103466] VD: Decode stats: input=2820, output=2819, dropped=0, availBufs=10
[1787220103473] VD: Output #2820: decoder latency avg=7.0ms max=13.7ms over 60 samples, input bufs avail=10, dropped=0
[1787220104468] VD: Decode stats: input=2880, output=2879, dropped=0, availBufs=10
[1787220104476] VD: Output #2880: decoder latency avg=6.5ms max=12.3ms over 60 samples, input bufs avail=10, dropped=0
[1787220105463] VD: Decode stats: input=2940, output=2939, dropped=0, availBufs=10
[1787220105469] VD: Output #2940: decoder latency avg=6.7ms max=13.6ms over 60 samples, input bufs avail=10, dropped=0
[1787220106466] VD: Decode stats: input=3000, output=2999, dropped=0, availBufs=10
[1787220106473] VD: Output #3000: decoder latency avg=6.2ms max=12.5ms over 60 samples, input bufs avail=10, dropped=0
[1787220107460] VD: Decode stats: input=3060, output=3059, dropped=0, availBufs=10
[1787220107464] VD: Output #3060: decoder latency avg=6.3ms max=14.4ms over 60 samples, input bufs avail=10, dropped=0
[1787220108464] VD: Decode stats: input=3120, output=3119, dropped=0, availBufs=10
[1787220108471] VD: Output #3120: decoder latency avg=5.9ms max=13.6ms over 60 samples, input bufs avail=10, dropped=0
[1787220109468] VD: Decode stats: input=3180, output=3179, dropped=0, availBufs=10
[1787220109475] VD: Output #3180: decoder latency avg=7.1ms max=15.3ms over 60 samples, input bufs avail=10, dropped=0
[1787220110468] VD: Decode stats: input=3240, output=3239, dropped=0, availBufs=10
[1787220110476] VD: Output #3240: decoder latency avg=6.7ms max=13.1ms over 60 samples, input bufs avail=10, dropped=0
[1787220111466] VD: Decode stats: input=3300, output=3299, dropped=0, availBufs=10
[1787220111471] VD: Output #3300: decoder latency avg=6.7ms max=13.4ms over 60 samples, input bufs avail=10, dropped=0
[1787220112464] VD: Decode stats: input=3360, output=3359, dropped=0, availBufs=10
[1787220112469] VD: Output #3360: decoder latency avg=6.7ms max=13.5ms over 60 samples, input bufs avail=10, dropped=0
[1787220113466] VD: Decode stats: input=3420, output=3419, dropped=0, availBufs=10
[1787220113477] VD: Output #3420: decoder latency avg=6.6ms max=12.7ms over 60 samples, input bufs avail=10, dropped=0
[1787220114467] VD: Decode stats: input=3480, output=3479, dropped=0, availBufs=10
[1787220114473] VD: Output #3480: decoder latency avg=6.7ms max=11.8ms over 60 samples, input bufs avail=10, dropped=0
[1787220115468] VD: Decode stats: input=3540, output=3539, dropped=0, availBufs=10
[1787220115478] VD: Output #3540: decoder latency avg=6.6ms max=15.2ms over 60 samples, input bufs avail=10, dropped=0
[1787220116466] VD: Decode stats: input=3600, output=3599, dropped=0, availBufs=10
[1787220116472] VD: Output #3600: decoder latency avg=6.6ms max=13.8ms over 60 samples, input bufs avail=10, dropped=0
[1787220117465] VD: Decode stats: input=3660, output=3659, dropped=0, availBufs=10
[1787220117474] VD: Output #3660: decoder latency avg=6.8ms max=13.6ms over 60 samples, input bufs avail=10, dropped=0
[1787220118465] VD: Decode stats: input=3720, output=3719, dropped=0, availBufs=10
[1787220118469] VD: Output #3720: decoder latency avg=6.0ms max=12.8ms over 60 samples, input bufs avail=10, dropped=0
[1787220119462] VD: Decode stats: input=3780, output=3779, dropped=0, availBufs=10
[1787220119468] VD: Output #3780: decoder latency avg=6.5ms max=11.7ms over 60 samples, input bufs avail=10, dropped=0
[1787220120465] VD: Decode stats: input=3840, output=3839, dropped=0, availBufs=10
[1787220120473] VD: Output #3840: decoder latency avg=6.5ms max=16.9ms over 60 samples, input bufs avail=10, dropped=0
[1787220121466] VD: Decode stats: input=3900, output=3899, dropped=0, availBufs=10
[1787220121472] VD: Output #3900: decoder latency avg=6.2ms max=11.1ms over 60 samples, input bufs avail=10, dropped=0
[1787220122464] VD: Decode stats: input=3960, output=3959, dropped=0, availBufs=10
[1787220122471] VD: Output #3960: decoder latency avg=6.5ms max=13.6ms over 60 samples, input bufs avail=10, dropped=0
[1787220125523] MA: device health battery=100 charging=true saver=false thermal=nominal
[1787220125523] MA: lifecycle foreground connected=false
[1787220125570] MA: surfaceCreated
[1787220125571] MA: surfaceChanged: 1264x2800
[1787220125755] SC: Protocol v1 upgrade accepted
[1787220125755] SC: Connected to 127.0.0.1:54321
[1787220125764] MA: onHostActionsAvailable: move-window, return-windows
[1787220125773] MA: onDisplaysAvailable: count=3 selected=6 negotiated=[CAPABILITY_TOUCH, CAPABILITY_KEYBOARD, CAPABILITY_POINTER, CAPABILITY_STYLUS, CAPABILITY_CLIPBOARD, CAPABILITY_FILE_TRANSFER, CAPABILITY_COLOR_MANAGEMENT, CAPABILITY_MULTI_DISPLAY, CAPABILITY_HOST_ACTIONS, CAPABILITY_MANAGED_CONFIGURATION, CAPABILITY_CLIENT_VIDEO_CONTROL, CAPABILITY_STYLUS_EXTENDED, CAPABILITY_USB_HID_MODIFIER_BYTE] displays=6:Vibe Screen Virtual (扩展屏):2000x1200:primary=false, 1:Built-in Retina Display:1512x982:primary=true, 3:DELL U2723QE:1920x1080:primary=false
[1787220125774] MA: session binding promoted: displaySelection=true keyboard=true nativePointer=true controller=false hostActions=true clipboard=true
[1787220125781] MA: onVideoConfiguration: 2000x1200 @ 0° epoch=1
[1787220125781] MA: Video config arrived, initializing decoder 2000x1200
[1787220125781] MA: initializeDecoder called, surface=Surface(name=null mNativeObject=-5476376613998202624)/@0xd9c94b5, valid=true, encoded=2000x1200
[1787220125784] VD: setupDecoder: 2000x1200, decoder=c2.qti.hevc.decoder
[1787220125823] VD: Configured with full low-latency
[1787220125824] VD: Surface frame rate requested: 120.00001Hz fixed-source
[1787220125842] VD: Decoder started: 2000x1200 @ 120.00001Hz, surface=Surface(name=null mNativeObject=-5476376613998202624)/@0xd9c94b5, valid=true
[1787220125844] MA: Decoder configuration committed 2000x1200 epoch=1
[1787220125847] MA: onDisplayGeometry: 2000x1200 @ 0°
[1787220125878] VD: First frame: size=62215, header=[00 00 00 01 40 01 0c 01 ff ff 01 60 00 00 03 00], keyframe=true, surface=Surface(name=null mNativeObject=-5476376613998202624)/@0xd9c94b5, valid=true
[1787220125879] MA: surfaceChanged: 1264x758
[1787220125879] MA: surfaceChanged: 1264x758
[1787220125881] MA: surfaceChanged: 2106x1264
[1787220125907] VD: Output format changed: {crop-right=1999, max-height=4320, sar-width=1, color-format=2130708361, mime=video/raw, hdr-static-info=java.nio.HeapByteBuffer[pos=0 lim=25 cap=25], priority=0, color-standard=1, feature-secure-playback=0, color-transfer=3, sar-height=1, hdr10-plus-info=java.nio.HeapByteBuffer[pos=0 lim=0 cap=0], crop-bottom=1199, max-width=8192, crop-left=0, width=2000, color-range=1, crop-top=0, rotation-degrees=0, frame-rate=1, height=1200}
[1787220125907] VD: First output frame! size=1, flags=1
[1787220126835] VD: Decode stats: input=60, output=59, dropped=0, availBufs=10
[1787220126840] VD: Output #60: decoder latency avg=5.9ms max=34.1ms over 60 samples, input bufs avail=10, dropped=0
[1787220127836] VD: Decode stats: input=120, output=119, dropped=0, availBufs=10
[1787220127844] VD: Output #120: decoder latency avg=6.1ms max=10.3ms over 60 samples, input bufs avail=10, dropped=0
[1787220128838] VD: Decode stats: input=180, output=179, dropped=0, availBufs=10
[1787220128842] VD: Output #180: decoder latency avg=5.4ms max=12.7ms over 60 samples, input bufs avail=10, dropped=0
[1787220129827] VD: Decode stats: input=240, output=239, dropped=0, availBufs=10
[1787220129831] VD: Output #240: decoder latency avg=5.4ms max=11.0ms over 60 samples, input bufs avail=10, dropped=0
[1787220130835] VD: Decode stats: input=300, output=299, dropped=0, availBufs=10
[1787220130841] VD: Output #300: decoder latency avg=6.1ms max=10.0ms over 60 samples, input bufs avail=10, dropped=0
[1787220131832] VD: Decode stats: input=360, output=359, dropped=0, availBufs=10
[1787220131838] VD: Output #360: decoder latency avg=6.3ms max=10.4ms over 60 samples, input bufs avail=10, dropped=0
[1787220132837] VD: Decode stats: input=420, output=419, dropped=0, availBufs=10
[1787220132844] VD: Output #420: decoder latency avg=6.0ms max=11.1ms over 60 samples, input bufs avail=10, dropped=0
[1787220133832] VD: Decode stats: input=480, output=479, dropped=0, availBufs=10
[1787220133836] VD: Output #480: decoder latency avg=5.7ms max=10.3ms over 60 samples, input bufs avail=10, dropped=0
[1787220134835] VD: Decode stats: input=540, output=539, dropped=0, availBufs=10
[1787220134844] VD: Output #540: decoder latency avg=6.3ms max=10.8ms over 60 samples, input bufs avail=10, dropped=0
[1787220135834] VD: Decode stats: input=600, output=599, dropped=0, availBufs=10
[1787220135839] VD: Output #600: decoder latency avg=6.5ms max=11.0ms over 60 samples, input bufs avail=10, dropped=0
[1787220136835] VD: Decode stats: input=660, output=659, dropped=0, availBufs=10
[1787220136840] VD: Output #660: decoder latency avg=6.3ms max=9.2ms over 60 samples, input bufs avail=10, dropped=0
[1787220137831] VD: Decode stats: input=720, output=719, dropped=0, availBufs=10
[1787220137836] VD: Output #720: decoder latency avg=6.3ms max=9.6ms over 60 samples, input bufs avail=10, dropped=0
[1787220138831] VD: Decode stats: input=780, output=779, dropped=0, availBufs=10
[1787220138836] VD: Output #780: decoder latency avg=6.5ms max=15.1ms over 60 samples, input bufs avail=10, dropped=0
[1787220139827] VD: Decode stats: input=840, output=839, dropped=0, availBufs=10
[1787220139832] VD: Output #840: decoder latency avg=6.4ms max=11.0ms over 60 samples, input bufs avail=10, dropped=0
