[1787229071248] MA: onDisplaysAvailable: count=3 selected=8 negotiated=[CAPABILITY_TOUCH, CAPABILITY_KEYBOARD, CAPABILITY_POINTER, CAPABILITY_STYLUS, CAPABILITY_MULTI_DISPLAY, CAPABILITY_HOST_ACTIONS, CAPABILITY_CLIENT_VIDEO_CONTROL, CAPABILITY_STYLUS_EXTENDED] displays=8:Vibe Screen Virtual (扩展屏):2000x1200:primary=false, 1:Built-in Retina Display:1512x982:primary=true, 3:DELL U2723QE:1920x1080:primary=false
[1787229071291] MA: initializeDecoder called, surface=Surface(name=null mNativeObject=-5476376613998243824)/@0xd9c94b5, valid=true, encoded=2000x1200
[1787229071295] VD: setupDecoder: 2000x1200, decoder=c2.qti.hevc.decoder
[1787229071355] VD: Decoder started: 2000x1200 @ 120.00001Hz, surface=Surface(name=null mNativeObject=-5476376613998243824)/@0xd9c94b5, valid=true
[1787229071357] MA: Decoder configuration committed 2000x1200 epoch=1
[1787229072256] MA: lifecycle foreground connected=false
[1787229072586] SC: Protocol v1 upgrade accepted
[1787229072603] MA: onDisplaysAvailable: count=3 selected=8 negotiated=[CAPABILITY_TOUCH, CAPABILITY_KEYBOARD, CAPABILITY_POINTER, CAPABILITY_STYLUS, CAPABILITY_MULTI_DISPLAY, CAPABILITY_HOST_ACTIONS, CAPABILITY_CLIENT_VIDEO_CONTROL, CAPABILITY_STYLUS_EXTENDED] displays=8:Vibe Screen Virtual (扩展屏):2000x1200:primary=false, 1:Built-in Retina Display:1512x982:primary=true, 3:DELL U2723QE:1920x1080:primary=false
[1787229072611] MA: initializeDecoder called, surface=Surface(name=null mNativeObject=-5476376613998230640)/@0x48d78ec, valid=true, encoded=2000x1200
[1787229072614] VD: setupDecoder: 2000x1200, decoder=c2.qti.hevc.decoder
[1787229072663] VD: Decoder started: 2000x1200 @ 120.00001Hz, surface=Surface(name=null mNativeObject=-5476376613998230640)/@0x48d78ec, valid=true
[1787229072665] MA: Decoder configuration committed 2000x1200 epoch=1
[1787229073619] VD: Decode stats: input=60, output=59, dropped=0, availBufs=10
[1787229073623] VD: Output #60: decoder latency avg=7.9ms max=48.3ms over 60 samples, input bufs avail=10, dropped=0
[1787229074619] VD: Decode stats: input=120, output=119, dropped=0, availBufs=10
[1787229074622] VD: Output #120: decoder latency avg=4.5ms max=10.6ms over 60 samples, input bufs avail=10, dropped=0
[1787229075622] VD: Decode stats: input=180, output=179, dropped=0, availBufs=10
[1787229075631] VD: Output #180: decoder latency avg=5.8ms max=11.8ms over 60 samples, input bufs avail=10, dropped=0
[1787229076620] VD: Decode stats: input=240, output=239, dropped=0, availBufs=10
[1787229076627] VD: Output #240: decoder latency avg=6.1ms max=13.3ms over 60 samples, input bufs avail=10, dropped=0
[1787229077623] VD: Decode stats: input=300, output=299, dropped=0, availBufs=10
[1787229077628] VD: Output #300: decoder latency avg=6.1ms max=12.4ms over 60 samples, input bufs avail=10, dropped=0
[1787229078620] VD: Decode stats: input=360, output=359, dropped=0, availBufs=10
[1787229078627] VD: Output #360: decoder latency avg=6.1ms max=13.2ms over 60 samples, input bufs avail=10, dropped=0
[1787229079620] VD: Decode stats: input=420, output=419, dropped=0, availBufs=10
[1787229079630] VD: Output #420: decoder latency avg=6.8ms max=13.2ms over 60 samples, input bufs avail=10, dropped=0
[1787229080621] VD: Decode stats: input=480, output=479, dropped=0, availBufs=10
[1787229080628] VD: Output #480: decoder latency avg=6.4ms max=14.8ms over 60 samples, input bufs avail=10, dropped=0
[1787229081619] VD: Decode stats: input=540, output=539, dropped=0, availBufs=10
[1787229081625] VD: Output #540: decoder latency avg=6.1ms max=12.3ms over 60 samples, input bufs avail=10, dropped=0
[1787229082621] VD: Decode stats: input=600, output=599, dropped=0, availBufs=10
[1787229082626] VD: Output #600: decoder latency avg=6.1ms max=12.1ms over 60 samples, input bufs avail=10, dropped=0
[1787229083622] VD: Decode stats: input=660, output=659, dropped=0, availBufs=10
[1787229083631] VD: Output #660: decoder latency avg=6.5ms max=15.4ms over 60 samples, input bufs avail=10, dropped=0
[1787229084620] VD: Decode stats: input=720, output=719, dropped=0, availBufs=10
[1787229084628] VD: Output #720: decoder latency avg=6.6ms max=11.9ms over 60 samples, input bufs avail=10, dropped=0
[1787229085621] VD: Decode stats: input=780, output=779, dropped=0, availBufs=10
[1787229085631] VD: Output #780: decoder latency avg=6.6ms max=12.8ms over 60 samples, input bufs avail=10, dropped=0
[1787229086622] VD: Decode stats: input=840, output=839, dropped=0, availBufs=10
[1787229086628] VD: Output #840: decoder latency avg=6.3ms max=11.9ms over 60 samples, input bufs avail=10, dropped=0
[1787229087622] VD: Decode stats: input=900, output=899, dropped=0, availBufs=10
[1787229087631] VD: Output #900: decoder latency avg=6.3ms max=16.6ms over 60 samples, input bufs avail=10, dropped=0
[1787229088618] VD: Decode stats: input=960, output=959, dropped=0, availBufs=10
[1787229088623] VD: Output #960: decoder latency avg=6.3ms max=11.7ms over 60 samples, input bufs avail=10, dropped=0
[1787229090116] MA: lifecycle foreground connected=false
[1787229090350] SC: Protocol v1 upgrade accepted
[1787229090372] MA: onDisplaysAvailable: count=3 selected=8 negotiated=[CAPABILITY_TOUCH, CAPABILITY_KEYBOARD, CAPABILITY_POINTER, CAPABILITY_STYLUS, CAPABILITY_MULTI_DISPLAY, CAPABILITY_HOST_ACTIONS, CAPABILITY_CLIENT_VIDEO_CONTROL, CAPABILITY_STYLUS_EXTENDED] displays=8:Vibe Screen Virtual (扩展屏):2000x1200:primary=false, 1:Built-in Retina Display:1512x982:primary=true, 3:DELL U2723QE:1920x1080:primary=false
[1787229090372] MA: initializeDecoder called, surface=Surface(name=null mNativeObject=-5476376613998230640)/@0x7d3c0d9, valid=true, encoded=2000x1200
[1787229090375] VD: setupDecoder: 2000x1200, decoder=c2.qti.hevc.decoder
[1787229090448] VD: Decoder started: 2000x1200 @ 120.00001Hz, surface=Surface(name=null mNativeObject=-5476376613998230640)/@0x7d3c0d9, valid=true
[1787229090451] MA: Decoder configuration committed 2000x1200 epoch=1
[1787229091401] VD: Decode stats: input=60, output=59, dropped=0, availBufs=10
[1787229091406] VD: Output #60: decoder latency avg=6.0ms max=26.3ms over 60 samples, input bufs avail=10, dropped=0
[1787229092405] VD: Decode stats: input=120, output=119, dropped=0, availBufs=10
[1787229092406] VD: Output #120: decoder latency avg=6.2ms max=18.7ms over 60 samples, input bufs avail=10, dropped=0
[1787229093420] VD: Decode stats: input=180, output=179, dropped=0, availBufs=10
[1787229093426] VD: Output #180: decoder latency avg=5.9ms max=12.8ms over 60 samples, input bufs avail=9, dropped=0
[1787229094407] VD: Decode stats: input=240, output=239, dropped=0, availBufs=10
[1787229094417] VD: Output #240: decoder latency avg=6.1ms max=12.7ms over 60 samples, input bufs avail=10, dropped=0
[1787229095402] VD: Decode stats: input=300, output=299, dropped=0, availBufs=10
[1787229095407] VD: Output #300: decoder latency avg=5.7ms max=13.2ms over 60 samples, input bufs avail=10, dropped=0
[1787229096402] VD: Decode stats: input=360, output=359, dropped=0, availBufs=10
[1787229096406] VD: Output #360: decoder latency avg=4.7ms max=10.9ms over 60 samples, input bufs avail=10, dropped=0
[1787229097402] VD: Decode stats: input=420, output=419, dropped=0, availBufs=10
[1787229097411] VD: Output #420: decoder latency avg=5.7ms max=11.7ms over 60 samples, input bufs avail=10, dropped=0
[1787229098402] VD: Decode stats: input=480, output=479, dropped=0, availBufs=10
[1787229098408] VD: Output #480: decoder latency avg=6.2ms max=12.1ms over 60 samples, input bufs avail=10, dropped=0
[1787229099403] VD: Decode stats: input=540, output=539, dropped=0, availBufs=10
[1787229099408] VD: Output #540: decoder latency avg=6.4ms max=15.2ms over 60 samples, input bufs avail=10, dropped=0
[1787229099808] MA: lifecycle background connected=true; retries paused
[1787229102219] MA: lifecycle foreground connected=false
[1787229102488] SC: Protocol v1 upgrade accepted
[1787229102502] MA: onDisplaysAvailable: count=3 selected=8 negotiated=[CAPABILITY_TOUCH, CAPABILITY_KEYBOARD, CAPABILITY_POINTER, CAPABILITY_STYLUS, CAPABILITY_MULTI_DISPLAY, CAPABILITY_HOST_ACTIONS, CAPABILITY_CLIENT_VIDEO_CONTROL, CAPABILITY_STYLUS_EXTENDED] displays=8:Vibe Screen Virtual (扩展屏):2000x1200:primary=false, 1:Built-in Retina Display:1512x982:primary=true, 3:DELL U2723QE:1920x1080:primary=false
[1787229102510] MA: initializeDecoder called, surface=Surface(name=null mNativeObject=-5476376613998220752)/@0xd9c94b5, valid=true, encoded=2000x1200
[1787229102513] VD: setupDecoder: 2000x1200, decoder=c2.qti.hevc.decoder
[1787229102569] VD: Decoder started: 2000x1200 @ 120.00001Hz, surface=Surface(name=null mNativeObject=-5476376613998220752)/@0xd9c94b5, valid=true
[1787229102570] MA: Decoder configuration committed 2000x1200 epoch=1
[1787229103519] VD: Decode stats: input=60, output=59, dropped=0, availBufs=10
[1787229103523] VD: Output #60: decoder latency avg=5.2ms max=30.7ms over 60 samples, input bufs avail=10, dropped=0
[1787229104519] VD: Decode stats: input=120, output=119, dropped=0, availBufs=10
[1787229104523] VD: Output #120: decoder latency avg=5.5ms max=10.8ms over 60 samples, input bufs avail=10, dropped=0
[1787229105521] VD: Decode stats: input=180, output=179, dropped=0, availBufs=10
[1787229105525] VD: Output #180: decoder latency avg=5.6ms max=11.1ms over 60 samples, input bufs avail=10, dropped=0
[1787229106519] VD: Decode stats: input=240, output=239, dropped=0, availBufs=10
[1787229106523] VD: Output #240: decoder latency avg=4.3ms max=10.5ms over 60 samples, input bufs avail=10, dropped=0
[1787229107521] VD: Decode stats: input=300, output=299, dropped=0, availBufs=10
[1787229107525] VD: Output #300: decoder latency avg=5.0ms max=10.5ms over 60 samples, input bufs avail=10, dropped=0
[1787229108519] VD: Decode stats: input=360, output=359, dropped=0, availBufs=10
[1787229108523] VD: Output #360: decoder latency avg=3.9ms max=8.6ms over 60 samples, input bufs avail=10, dropped=0
[1787229109519] VD: Decode stats: input=420, output=419, dropped=0, availBufs=10
[1787229109522] VD: Output #420: decoder latency avg=4.4ms max=9.3ms over 60 samples, input bufs avail=10, dropped=0
[1787229110519] VD: Decode stats: input=480, output=479, dropped=0, availBufs=10
[1787229110522] VD: Output #480: decoder latency avg=3.9ms max=8.2ms over 60 samples, input bufs avail=10, dropped=0
[1787229111519] VD: Decode stats: input=540, output=539, dropped=0, availBufs=10
[1787229111522] VD: Output #540: decoder latency avg=3.9ms max=7.4ms over 60 samples, input bufs avail=10, dropped=0
[1787229112522] VD: Decode stats: input=600, output=599, dropped=0, availBufs=10
[1787229112525] VD: Output #600: decoder latency avg=5.1ms max=12.2ms over 60 samples, input bufs avail=10, dropped=0
[1787229113521] VD: Decode stats: input=660, output=659, dropped=0, availBufs=10
[1787229113525] VD: Output #660: decoder latency avg=4.2ms max=7.4ms over 60 samples, input bufs avail=10, dropped=0
[1787229114521] VD: Decode stats: input=720, output=719, dropped=0, availBufs=10
[1787229114529] VD: Output #720: decoder latency avg=4.7ms max=11.4ms over 60 samples, input bufs avail=10, dropped=0
[1787229115518] VD: Decode stats: input=780, output=779, dropped=0, availBufs=10
[1787229115522] VD: Output #780: decoder latency avg=5.5ms max=9.7ms over 60 samples, input bufs avail=10, dropped=0
[1787229116518] VD: Decode stats: input=840, output=839, dropped=0, availBufs=10
[1787229116524] VD: Output #840: decoder latency avg=5.4ms max=10.0ms over 60 samples, input bufs avail=10, dropped=0
[1787229117525] VD: Decode stats: input=900, output=899, dropped=0, availBufs=10
[1787229117530] VD: Output #900: decoder latency avg=5.8ms max=9.3ms over 60 samples, input bufs avail=10, dropped=0
[1787229118520] VD: Decode stats: input=960, output=959, dropped=0, availBufs=10
[1787229118526] VD: Output #960: decoder latency avg=5.8ms max=8.9ms over 60 samples, input bufs avail=10, dropped=0
[1787229119520] VD: Decode stats: input=1020, output=1019, dropped=0, availBufs=10
[1787229119529] VD: Output #1020: decoder latency avg=5.8ms max=11.1ms over 60 samples, input bufs avail=10, dropped=0
[1787229120518] VD: Decode stats: input=1080, output=1079, dropped=0, availBufs=10
[1787229120522] VD: Output #1080: decoder latency avg=6.0ms max=10.2ms over 60 samples, input bufs avail=10, dropped=0
[1787229121523] VD: Decode stats: input=1140, output=1139, dropped=0, availBufs=10
[1787229121528] VD: Output #1140: decoder latency avg=6.1ms max=9.6ms over 60 samples, input bufs avail=10, dropped=0
[1787229122522] VD: Decode stats: input=1200, output=1199, dropped=0, availBufs=10
[1787229122528] VD: Output #1200: decoder latency avg=5.9ms max=10.2ms over 60 samples, input bufs avail=10, dropped=0
[1787229123521] VD: Decode stats: input=1260, output=1259, dropped=0, availBufs=10
[1787229123526] VD: Output #1260: decoder latency avg=5.7ms max=8.3ms over 60 samples, input bufs avail=9, dropped=0
[1787229124521] VD: Decode stats: input=1320, output=1319, dropped=0, availBufs=10
[1787229124526] VD: Output #1320: decoder latency avg=5.7ms max=8.9ms over 60 samples, input bufs avail=10, dropped=0
[1787229125519] VD: Decode stats: input=1380, output=1379, dropped=0, availBufs=10
[1787229125523] VD: Output #1380: decoder latency avg=5.9ms max=10.3ms over 60 samples, input bufs avail=10, dropped=0
[1787229126519] VD: Decode stats: input=1440, output=1439, dropped=0, availBufs=10
[1787229126525] VD: Output #1440: decoder latency avg=6.1ms max=12.8ms over 60 samples, input bufs avail=10, dropped=0
[1787229127520] VD: Decode stats: input=1500, output=1499, dropped=0, availBufs=10
[1787229127527] VD: Output #1500: decoder latency avg=5.9ms max=9.9ms over 60 samples, input bufs avail=9, dropped=0
[1787229128519] VD: Decode stats: input=1560, output=1559, dropped=0, availBufs=10
[1787229128524] VD: Output #1560: decoder latency avg=5.5ms max=8.6ms over 60 samples, input bufs avail=10, dropped=0
[1787229129520] VD: Decode stats: input=1620, output=1619, dropped=0, availBufs=10
[1787229129525] VD: Output #1620: decoder latency avg=5.9ms max=10.3ms over 60 samples, input bufs avail=10, dropped=0
[1787229130520] VD: Decode stats: input=1680, output=1679, dropped=0, availBufs=10
[1787229130524] VD: Output #1680: decoder latency avg=5.5ms max=9.1ms over 60 samples, input bufs avail=10, dropped=0
[1787229131520] VD: Decode stats: input=1740, output=1739, dropped=0, availBufs=10
[1787229131528] VD: Output #1740: decoder latency avg=5.8ms max=10.4ms over 60 samples, input bufs avail=9, dropped=0
[1787229132518] VD: Decode stats: input=1800, output=1799, dropped=0, availBufs=10
[1787229132522] VD: Output #1800: decoder latency avg=6.1ms max=10.3ms over 60 samples, input bufs avail=10, dropped=0
[1787229133520] VD: Decode stats: input=1860, output=1859, dropped=0, availBufs=10
[1787229133527] VD: Output #1860: decoder latency avg=6.2ms max=11.6ms over 60 samples, input bufs avail=10, dropped=0
[1787229134522] VD: Decode stats: input=1920, output=1919, dropped=0, availBufs=10
[1787229134530] VD: Output #1920: decoder latency avg=6.3ms max=10.2ms over 60 samples, input bufs avail=10, dropped=0
[1787229135518] VD: Decode stats: input=1980, output=1979, dropped=0, availBufs=10
[1787229135522] VD: Output #1980: decoder latency avg=4.6ms max=8.6ms over 60 samples, input bufs avail=10, dropped=0
[1787229136520] VD: Decode stats: input=2040, output=2039, dropped=0, availBufs=10
[1787229136526] VD: Output #2040: decoder latency avg=5.4ms max=8.3ms over 60 samples, input bufs avail=10, dropped=0
[1787229137520] VD: Decode stats: input=2100, output=2099, dropped=0, availBufs=10
[1787229137526] VD: Output #2100: decoder latency avg=6.1ms max=10.3ms over 60 samples, input bufs avail=10, dropped=0
[1787229138521] VD: Decode stats: input=2160, output=2159, dropped=0, availBufs=10
[1787229138527] VD: Output #2160: decoder latency avg=5.9ms max=10.9ms over 60 samples, input bufs avail=10, dropped=0
[1787229139521] VD: Decode stats: input=2220, output=2219, dropped=0, availBufs=10
[1787229139527] VD: Output #2220: decoder latency avg=6.1ms max=10.0ms over 60 samples, input bufs avail=10, dropped=0
[1787229140518] VD: Decode stats: input=2280, output=2279, dropped=0, availBufs=10
[1787229140523] VD: Output #2280: decoder latency avg=6.0ms max=9.5ms over 60 samples, input bufs avail=10, dropped=0
[1787229141519] VD: Decode stats: input=2340, output=2339, dropped=0, availBufs=10
[1787229141524] VD: Output #2340: decoder latency avg=5.5ms max=11.5ms over 60 samples, input bufs avail=10, dropped=0
[1787229142521] VD: Decode stats: input=2400, output=2399, dropped=0, availBufs=10
[1787229142527] VD: Output #2400: decoder latency avg=5.5ms max=8.3ms over 60 samples, input bufs avail=9, dropped=0
[1787229143521] VD: Decode stats: input=2460, output=2459, dropped=0, availBufs=10
[1787229143528] VD: Output #2460: decoder latency avg=6.0ms max=12.2ms over 60 samples, input bufs avail=10, dropped=0
[1787229144521] VD: Decode stats: input=2520, output=2519, dropped=0, availBufs=10
[1787229144528] VD: Output #2520: decoder latency avg=6.2ms max=10.6ms over 60 samples, input bufs avail=10, dropped=0
[1787229145520] VD: Decode stats: input=2580, output=2579, dropped=0, availBufs=10
[1787229145527] VD: Output #2580: decoder latency avg=6.0ms max=10.0ms over 60 samples, input bufs avail=9, dropped=0
[1787229146520] VD: Decode stats: input=2640, output=2639, dropped=0, availBufs=10
[1787229146528] VD: Output #2640: decoder latency avg=6.1ms max=9.9ms over 60 samples, input bufs avail=10, dropped=0
[1787229147519] VD: Decode stats: input=2700, output=2699, dropped=0, availBufs=10
[1787229147524] VD: Output #2700: decoder latency avg=6.0ms max=9.8ms over 60 samples, input bufs avail=10, dropped=0
[1787229148523] MA: lifecycle foreground connected=false
[1787229148752] SC: Protocol v1 upgrade accepted
[1787229148764] MA: onDisplaysAvailable: count=3 selected=8 negotiated=[CAPABILITY_TOUCH, CAPABILITY_KEYBOARD, CAPABILITY_POINTER, CAPABILITY_STYLUS, CAPABILITY_MULTI_DISPLAY, CAPABILITY_HOST_ACTIONS, CAPABILITY_CLIENT_VIDEO_CONTROL, CAPABILITY_STYLUS_EXTENDED] displays=8:Vibe Screen Virtual (扩展屏):2000x1200:primary=false, 1:Built-in Retina Display:1512x982:primary=true, 3:DELL U2723QE:1920x1080:primary=false
[1787229148811] MA: initializeDecoder called, surface=Surface(name=null mNativeObject=-5476376613998225696)/@0x70ab97f, valid=true, encoded=2000x1200
[1787229148816] VD: setupDecoder: 2000x1200, decoder=c2.qti.hevc.decoder
[1787229148876] VD: Decoder started: 2000x1200 @ 120.00001Hz, surface=Surface(name=null mNativeObject=-5476376613998225696)/@0x70ab97f, valid=true
[1787229148878] MA: Decoder configuration committed 2000x1200 epoch=1
[1787229149823] VD: Decode stats: input=60, output=59, dropped=0, availBufs=10
[1787229149829] VD: Output #60: decoder latency avg=6.0ms max=19.0ms over 60 samples, input bufs avail=10, dropped=0
[1787229150821] VD: Decode stats: input=120, output=119, dropped=0, availBufs=10
[1787229150825] VD: Output #120: decoder latency avg=6.3ms max=12.1ms over 60 samples, input bufs avail=10, dropped=0
[1787229151826] VD: Decode stats: input=180, output=178, dropped=0, availBufs=9
[1787229151835] VD: Output #180: decoder latency avg=6.2ms max=17.3ms over 60 samples, input bufs avail=10, dropped=0
[1787229152826] VD: Decode stats: input=240, output=239, dropped=0, availBufs=10
[1787229152835] VD: Output #240: decoder latency avg=6.1ms max=11.9ms over 60 samples, input bufs avail=10, dropped=0
[1787229153826] VD: Decode stats: input=300, output=299, dropped=0, availBufs=10
[1787229153830] VD: Output #300: decoder latency avg=6.3ms max=14.0ms over 60 samples, input bufs avail=10, dropped=0
[1787229154823] VD: Decode stats: input=360, output=359, dropped=0, availBufs=10
[1787229154827] VD: Output #360: decoder latency avg=5.4ms max=17.6ms over 60 samples, input bufs avail=10, dropped=0
[1787229155818] VD: Decode stats: input=420, output=419, dropped=0, availBufs=10
[1787229155822] VD: Output #420: decoder latency avg=5.0ms max=13.2ms over 60 samples, input bufs avail=10, dropped=0
[1787229156820] VD: Decode stats: input=480, output=479, dropped=0, availBufs=10
[1787229156827] VD: Output #480: decoder latency avg=5.8ms max=12.6ms over 60 samples, input bufs avail=9, dropped=0
[1787229157820] VD: Decode stats: input=540, output=539, dropped=0, availBufs=10
[1787229157827] VD: Output #540: decoder latency avg=6.2ms max=15.9ms over 60 samples, input bufs avail=10, dropped=0
[1787229158827] VD: Decode stats: input=600, output=599, dropped=0, availBufs=10
[1787229158833] VD: Output #600: decoder latency avg=5.2ms max=13.4ms over 60 samples, input bufs avail=10, dropped=0
[1787229159818] VD: Decode stats: input=660, output=659, dropped=0, availBufs=10
[1787229159827] VD: Output #660: decoder latency avg=6.2ms max=15.0ms over 60 samples, input bufs avail=10, dropped=0
[1787229160820] VD: Decode stats: input=720, output=719, dropped=0, availBufs=10
[1787229160827] VD: Output #720: decoder latency avg=6.1ms max=13.9ms over 60 samples, input bufs avail=10, dropped=0
[1787229161828] VD: Decode stats: input=780, output=779, dropped=0, availBufs=10
[1787229161834] VD: Output #780: decoder latency avg=6.1ms max=14.7ms over 60 samples, input bufs avail=10, dropped=0
[1787229162818] VD: Decode stats: input=840, output=839, dropped=0, availBufs=10
[1787229162835] VD: Output #840: decoder latency avg=6.2ms max=14.6ms over 60 samples, input bufs avail=10, dropped=0
[1787229163821] VD: Decode stats: input=900, output=899, dropped=0, availBufs=10
[1787229163827] VD: Output #900: decoder latency avg=6.3ms max=13.0ms over 60 samples, input bufs avail=10, dropped=0
[1787229164818] VD: Decode stats: input=960, output=959, dropped=0, availBufs=10
[1787229164822] VD: Output #960: decoder latency avg=6.9ms max=16.4ms over 60 samples, input bufs avail=10, dropped=0
[1787229165821] VD: Decode stats: input=1020, output=1019, dropped=0, availBufs=10
[1787229165828] VD: Output #1020: decoder latency avg=7.0ms max=17.8ms over 60 samples, input bufs avail=10, dropped=0
[1787229166820] VD: Decode stats: input=1080, output=1079, dropped=0, availBufs=10
[1787229166826] VD: Output #1080: decoder latency avg=6.5ms max=15.3ms over 60 samples, input bufs avail=10, dropped=0
[1787229167818] VD: Decode stats: input=1140, output=1139, dropped=0, availBufs=10
[1787229167822] VD: Output #1140: decoder latency avg=6.3ms max=12.4ms over 60 samples, input bufs avail=9, dropped=0
[1787229168821] VD: Decode stats: input=1200, output=1199, dropped=0, availBufs=10
[1787229168834] VD: Output #1200: decoder latency avg=6.4ms max=14.4ms over 60 samples, input bufs avail=10, dropped=0
[1787229169821] VD: Decode stats: input=1260, output=1259, dropped=0, availBufs=10
[1787229169827] VD: Output #1260: decoder latency avg=6.6ms max=13.1ms over 60 samples, input bufs avail=10, dropped=0
[1787229170821] VD: Decode stats: input=1320, output=1319, dropped=0, availBufs=10
[1787229170826] VD: Output #1320: decoder latency avg=7.0ms max=17.0ms over 60 samples, input bufs avail=9, dropped=0
[1787229171818] VD: Decode stats: input=1380, output=1379, dropped=0, availBufs=10
[1787229171825] VD: Output #1380: decoder latency avg=6.7ms max=13.1ms over 60 samples, input bufs avail=10, dropped=0
[1787229172824] VD: Decode stats: input=1440, output=1439, dropped=0, availBufs=10
[1787229172831] VD: Output #1440: decoder latency avg=6.6ms max=13.7ms over 60 samples, input bufs avail=10, dropped=0
[1787229173819] VD: Decode stats: input=1500, output=1499, dropped=0, availBufs=10
[1787229173826] VD: Output #1500: decoder latency avg=6.6ms max=12.5ms over 60 samples, input bufs avail=10, dropped=0
[1787229174819] VD: Decode stats: input=1560, output=1559, dropped=0, availBufs=10
[1787229174823] VD: Output #1560: decoder latency avg=5.7ms max=14.5ms over 60 samples, input bufs avail=10, dropped=0
[1787229175276] MA: lifecycle background connected=true; retries paused
[1787229196465] MA: lifecycle foreground connected=false
[1787229196694] SC: Protocol v1 upgrade accepted
[1787229196709] MA: onDisplaysAvailable: count=3 selected=8 negotiated=[CAPABILITY_TOUCH, CAPABILITY_KEYBOARD, CAPABILITY_POINTER, CAPABILITY_STYLUS, CAPABILITY_MULTI_DISPLAY, CAPABILITY_HOST_ACTIONS, CAPABILITY_CLIENT_VIDEO_CONTROL, CAPABILITY_STYLUS_EXTENDED] displays=8:Vibe Screen Virtual (扩展屏):2000x1200:primary=false, 1:Built-in Retina Display:1512x982:primary=true, 3:DELL U2723QE:1920x1080:primary=false
[1787229196748] MA: initializeDecoder called, surface=Surface(name=null mNativeObject=-5476376613998202624)/@0xd9c94b5, valid=true, encoded=2000x1200
[1787229196752] VD: setupDecoder: 2000x1200, decoder=c2.qti.hevc.decoder
[1787229196821] VD: Decoder started: 2000x1200 @ 120.00001Hz, surface=Surface(name=null mNativeObject=-5476376613998202624)/@0xd9c94b5, valid=true
[1787229196823] MA: Decoder configuration committed 2000x1200 epoch=1
[1787229197769] VD: Decode stats: input=60, output=59, dropped=0, availBufs=10
[1787229197775] VD: Output #60: decoder latency avg=5.7ms max=41.0ms over 60 samples, input bufs avail=9, dropped=0
[1787229198773] VD: Decode stats: input=120, output=119, dropped=0, availBufs=10
[1787229198777] VD: Output #120: decoder latency avg=6.0ms max=10.6ms over 60 samples, input bufs avail=10, dropped=0
[1787229199771] VD: Decode stats: input=180, output=179, dropped=0, availBufs=10
[1787229199778] VD: Output #180: decoder latency avg=5.5ms max=9.7ms over 60 samples, input bufs avail=9, dropped=0
[1787229200768] VD: Decode stats: input=240, output=239, dropped=0, availBufs=10
[1787229200776] VD: Output #240: decoder latency avg=5.7ms max=9.3ms over 60 samples, input bufs avail=9, dropped=0
[1787229201771] VD: Decode stats: input=300, output=299, dropped=0, availBufs=10
[1787229201779] VD: Output #300: decoder latency avg=5.8ms max=10.3ms over 60 samples, input bufs avail=10, dropped=0
[1787229202768] VD: Decode stats: input=360, output=359, dropped=0, availBufs=10
[1787229202775] VD: Output #360: decoder latency avg=5.8ms max=12.5ms over 60 samples, input bufs avail=9, dropped=0
[1787229203771] VD: Decode stats: input=420, output=419, dropped=0, availBufs=10
[1787229203776] VD: Output #420: decoder latency avg=5.8ms max=12.8ms over 60 samples, input bufs avail=10, dropped=0
[1787229204768] VD: Decode stats: input=480, output=479, dropped=0, availBufs=10
[1787229204771] VD: Output #480: decoder latency avg=4.9ms max=9.8ms over 60 samples, input bufs avail=10, dropped=0
[1787229205712] MA: lifecycle foreground connected=false
[1787229205973] SC: Protocol v1 upgrade accepted
[1787229205992] MA: onDisplaysAvailable: count=3 selected=8 negotiated=[CAPABILITY_TOUCH, CAPABILITY_KEYBOARD, CAPABILITY_POINTER, CAPABILITY_STYLUS, CAPABILITY_MULTI_DISPLAY, CAPABILITY_HOST_ACTIONS, CAPABILITY_CLIENT_VIDEO_CONTROL, CAPABILITY_STYLUS_EXTENDED] displays=8:Vibe Screen Virtual (扩展屏):2000x1200:primary=false, 1:Built-in Retina Display:1512x982:primary=true, 3:DELL U2723QE:1920x1080:primary=false
[1787229205994] MA: initializeDecoder called, surface=Surface(name=null mNativeObject=-5476376613998212512)/@0xb4fdd4c, valid=true, encoded=2000x1200
[1787229205997] VD: setupDecoder: 2000x1200, decoder=c2.qti.hevc.decoder
[1787229206067] VD: Decoder started: 2000x1200 @ 120.00001Hz, surface=Surface(name=null mNativeObject=-5476376613998212512)/@0xb4fdd4c, valid=true
[1787229206072] MA: Decoder configuration committed 2000x1200 epoch=1
[1787229207019] VD: Decode stats: input=60, output=59, dropped=0, availBufs=10
[1787229207022] VD: Output #60: decoder latency avg=5.9ms max=20.1ms over 60 samples, input bufs avail=10, dropped=0
[1787229208018] VD: Decode stats: input=120, output=119, dropped=0, availBufs=10
[1787229208023] VD: Output #120: decoder latency avg=6.5ms max=14.1ms over 60 samples, input bufs avail=10, dropped=0
[1787229209042] VD: Decode stats: input=180, output=179, dropped=0, availBufs=10
[1787229209049] VD: Output #180: decoder latency avg=5.9ms max=12.2ms over 60 samples, input bufs avail=9, dropped=0
[1787229210019] VD: Decode stats: input=240, output=239, dropped=0, availBufs=10
[1787229210032] VD: Output #240: decoder latency avg=6.2ms max=13.5ms over 60 samples, input bufs avail=10, dropped=0
[1787229211022] VD: Decode stats: input=300, output=299, dropped=0, availBufs=10
[1787229211025] VD: Output #300: decoder latency avg=6.4ms max=15.1ms over 60 samples, input bufs avail=10, dropped=0
[1787229212019] VD: Decode stats: input=360, output=359, dropped=0, availBufs=10
[1787229212026] VD: Output #360: decoder latency avg=5.5ms max=14.9ms over 60 samples, input bufs avail=10, dropped=0
[1787229213029] VD: Decode stats: input=420, output=419, dropped=0, availBufs=10
[1787229213035] VD: Output #420: decoder latency avg=4.8ms max=8.3ms over 60 samples, input bufs avail=10, dropped=0
[1787229214023] VD: Decode stats: input=480, output=479, dropped=0, availBufs=10
[1787229214028] VD: Output #480: decoder latency avg=4.7ms max=10.4ms over 60 samples, input bufs avail=10, dropped=0
[1787229215022] VD: Decode stats: input=540, output=539, dropped=0, availBufs=10
[1787229215032] VD: Output #540: decoder latency avg=5.4ms max=11.0ms over 60 samples, input bufs avail=10, dropped=0
[1787229216020] VD: Decode stats: input=600, output=599, dropped=0, availBufs=10
[1787229216031] VD: Output #600: decoder latency avg=5.6ms max=12.2ms over 60 samples, input bufs avail=10, dropped=0
[1787229217022] VD: Decode stats: input=660, output=659, dropped=0, availBufs=10
[1787229217028] VD: Output #660: decoder latency avg=5.8ms max=10.6ms over 60 samples, input bufs avail=10, dropped=0
[1787229218028] VD: Decode stats: input=720, output=719, dropped=0, availBufs=10
[1787229218032] VD: Output #720: decoder latency avg=6.2ms max=11.9ms over 60 samples, input bufs avail=10, dropped=0
[1787229218477] MA: initializeDecoder called, surface=Surface(name=null mNativeObject=-5476376613998212512)/@0xb4fdd4c, valid=true, encoded=1512x982
[1787229218501] VD: setupDecoder: 1512x982, decoder=c2.qti.hevc.decoder
[1787229218546] VD: Decoder started: 1512x982 @ 120.00001Hz, surface=Surface(name=null mNativeObject=-5476376613998212512)/@0xb4fdd4c, valid=true
[1787229218547] MA: Decoder configuration committed 1512x982 epoch=2
[1787229219492] VD: Decode stats: input=60, output=59, dropped=0, availBufs=10
[1787229219497] VD: Output #60: decoder latency avg=4.8ms max=10.8ms over 60 samples, input bufs avail=10, dropped=0
[1787229220494] VD: Decode stats: input=120, output=119, dropped=0, availBufs=10
[1787229220500] VD: Output #120: decoder latency avg=4.9ms max=9.3ms over 60 samples, input bufs avail=10, dropped=0
[1787229221494] VD: Decode stats: input=180, output=179, dropped=0, availBufs=10
[1787229221499] VD: Output #180: decoder latency avg=5.1ms max=7.6ms over 60 samples, input bufs avail=10, dropped=0
[1787229222492] VD: Decode stats: input=240, output=239, dropped=0, availBufs=10
[1787229222496] VD: Output #240: decoder latency avg=5.0ms max=9.4ms over 60 samples, input bufs avail=10, dropped=0
[1787229223495] VD: Decode stats: input=300, output=299, dropped=0, availBufs=10
[1787229223502] VD: Output #300: decoder latency avg=5.4ms max=8.4ms over 60 samples, input bufs avail=10, dropped=0
[1787229224495] VD: Decode stats: input=360, output=359, dropped=0, availBufs=10
[1787229224501] VD: Output #360: decoder latency avg=5.5ms max=9.1ms over 60 samples, input bufs avail=10, dropped=0
[1787229225496] VD: Decode stats: input=420, output=419, dropped=0, availBufs=10
[1787229225505] VD: Output #420: decoder latency avg=5.4ms max=9.9ms over 60 samples, input bufs avail=10, dropped=0
[1787229226494] VD: Decode stats: input=480, output=479, dropped=0, availBufs=10
[1787229226500] VD: Output #480: decoder latency avg=5.1ms max=8.1ms over 60 samples, input bufs avail=10, dropped=0
[1787229227493] VD: Decode stats: input=540, output=539, dropped=0, availBufs=10
[1787229227502] VD: Output #540: decoder latency avg=4.8ms max=8.6ms over 60 samples, input bufs avail=10, dropped=0
[1787229228497] VD: Decode stats: input=600, output=599, dropped=0, availBufs=10
[1787229228503] VD: Output #600: decoder latency avg=3.9ms max=9.4ms over 60 samples, input bufs avail=10, dropped=0
[1787229229494] VD: Decode stats: input=660, output=659, dropped=0, availBufs=10
[1787229229501] VD: Output #660: decoder latency avg=4.1ms max=6.7ms over 60 samples, input bufs avail=10, dropped=0
[1787229230494] VD: Decode stats: input=720, output=719, dropped=0, availBufs=10
[1787229230500] VD: Output #720: decoder latency avg=4.8ms max=7.1ms over 60 samples, input bufs avail=9, dropped=0
[1787229231495] VD: Decode stats: input=780, output=779, dropped=0, availBufs=10
[1787229231504] VD: Output #780: decoder latency avg=5.0ms max=9.0ms over 60 samples, input bufs avail=10, dropped=0
[1787229232495] VD: Decode stats: input=840, output=839, dropped=0, availBufs=10
[1787229232500] VD: Output #840: decoder latency avg=5.2ms max=9.3ms over 60 samples, input bufs avail=10, dropped=0
[1787229233494] VD: Decode stats: input=900, output=899, dropped=0, availBufs=10
[1787229233500] VD: Output #900: decoder latency avg=5.6ms max=9.0ms over 60 samples, input bufs avail=9, dropped=0
[1787229234493] VD: Decode stats: input=960, output=959, dropped=0, availBufs=10
[1787229234497] VD: Output #960: decoder latency avg=5.0ms max=8.3ms over 60 samples, input bufs avail=10, dropped=0
[1787229235495] VD: Decode stats: input=1020, output=1019, dropped=0, availBufs=10
[1787229235501] VD: Output #1020: decoder latency avg=4.9ms max=9.7ms over 60 samples, input bufs avail=10, dropped=0
[1787229236492] VD: Decode stats: input=1080, output=1079, dropped=0, availBufs=10
[1787229236495] VD: Output #1080: decoder latency avg=5.1ms max=8.4ms over 60 samples, input bufs avail=10, dropped=0
[1787229237494] VD: Decode stats: input=1140, output=1139, dropped=0, availBufs=10
[1787229237500] VD: Output #1140: decoder latency avg=5.4ms max=9.9ms over 60 samples, input bufs avail=10, dropped=0
[1787229238493] VD: Decode stats: input=1200, output=1199, dropped=0, availBufs=10
[1787229238499] VD: Output #1200: decoder latency avg=5.3ms max=8.5ms over 60 samples, input bufs avail=10, dropped=0
[1787229239492] VD: Decode stats: input=1260, output=1259, dropped=0, availBufs=10
[1787229239494] VD: Output #1260: decoder latency avg=4.5ms max=9.0ms over 60 samples, input bufs avail=10, dropped=0
[1787229240494] VD: Decode stats: input=1320, output=1319, dropped=0, availBufs=10
[1787229240500] VD: Output #1320: decoder latency avg=5.3ms max=8.9ms over 60 samples, input bufs avail=10, dropped=0
[1787229241495] VD: Decode stats: input=1380, output=1379, dropped=0, availBufs=10
[1787229241502] VD: Output #1380: decoder latency avg=4.8ms max=10.1ms over 60 samples, input bufs avail=10, dropped=0
[1787229242495] VD: Decode stats: input=1440, output=1439, dropped=0, availBufs=10
[1787229242501] VD: Output #1440: decoder latency avg=5.4ms max=10.6ms over 60 samples, input bufs avail=10, dropped=0
[1787229243493] VD: Decode stats: input=1500, output=1499, dropped=0, availBufs=10
[1787229243499] VD: Output #1500: decoder latency avg=5.5ms max=9.9ms over 60 samples, input bufs avail=10, dropped=0
[1787229244495] VD: Decode stats: input=1560, output=1559, dropped=0, availBufs=10
[1787229244501] VD: Output #1560: decoder latency avg=5.4ms max=8.7ms over 60 samples, input bufs avail=10, dropped=0
[1787229245494] VD: Decode stats: input=1620, output=1619, dropped=0, availBufs=10
[1787229245499] VD: Output #1620: decoder latency avg=5.7ms max=8.3ms over 60 samples, input bufs avail=10, dropped=0
[1787229246492] VD: Decode stats: input=1680, output=1679, dropped=0, availBufs=10
[1787229246496] VD: Output #1680: decoder latency avg=5.5ms max=8.8ms over 60 samples, input bufs avail=10, dropped=0
[1787229247493] VD: Decode stats: input=1740, output=1739, dropped=0, availBufs=10
[1787229247498] VD: Output #1740: decoder latency avg=5.3ms max=8.7ms over 60 samples, input bufs avail=10, dropped=0
[1787229248496] VD: Decode stats: input=1800, output=1799, dropped=0, availBufs=10
[1787229248501] VD: Output #1800: decoder latency avg=5.0ms max=7.4ms over 60 samples, input bufs avail=10, dropped=0
[1787229249494] VD: Decode stats: input=1860, output=1859, dropped=0, availBufs=10
[1787229249501] VD: Output #1860: decoder latency avg=5.2ms max=9.4ms over 60 samples, input bufs avail=10, dropped=0
[1787229250491] VD: Decode stats: input=1920, output=1919, dropped=0, availBufs=10
[1787229250494] VD: Output #1920: decoder latency avg=5.2ms max=8.6ms over 60 samples, input bufs avail=10, dropped=0
[1787229251495] VD: Decode stats: input=1980, output=1979, dropped=0, availBufs=10
[1787229251502] VD: Output #1980: decoder latency avg=5.4ms max=12.3ms over 60 samples, input bufs avail=10, dropped=0
[1787229252494] VD: Decode stats: input=2040, output=2039, dropped=0, availBufs=10
[1787229252499] VD: Output #2040: decoder latency avg=5.3ms max=8.8ms over 60 samples, input bufs avail=10, dropped=0
[1787229253493] VD: Decode stats: input=2100, output=2099, dropped=0, availBufs=10
[1787229253499] VD: Output #2100: decoder latency avg=5.4ms max=9.8ms over 60 samples, input bufs avail=10, dropped=0
[1787229254494] VD: Decode stats: input=2160, output=2159, dropped=0, availBufs=10
[1787229254501] VD: Output #2160: decoder latency avg=5.5ms max=9.5ms over 60 samples, input bufs avail=9, dropped=0
[1787229255495] VD: Decode stats: input=2220, output=2219, dropped=0, availBufs=10
[1787229255501] VD: Output #2220: decoder latency avg=5.7ms max=9.0ms over 60 samples, input bufs avail=10, dropped=0
[1787229256493] VD: Decode stats: input=2280, output=2279, dropped=0, availBufs=10
[1787229256500] VD: Output #2280: decoder latency avg=5.4ms max=10.5ms over 60 samples, input bufs avail=10, dropped=0
[1787229257053] MA: lifecycle background connected=false; retries paused
[1787229261199] MA: lifecycle foreground connected=false
[1787229277713] MA: lifecycle foreground connected=false
[1787229282866] MA: lifecycle background connected=false; retries paused
[1787229283783] MA: lifecycle foreground connected=false
[1787229295185] SC: Protocol v1 upgrade accepted
[1787229295205] MA: onDisplaysAvailable: count=3 selected=1 negotiated=[CAPABILITY_TOUCH, CAPABILITY_KEYBOARD, CAPABILITY_POINTER, CAPABILITY_STYLUS, CAPABILITY_MULTI_DISPLAY, CAPABILITY_HOST_ACTIONS, CAPABILITY_CLIENT_VIDEO_CONTROL, CAPABILITY_STYLUS_EXTENDED] displays=1:Built-in Retina Display:1512x982:primary=true, 3:DELL U2723QE:1920x1080:primary=false, telemachus-virtual-extended:Vibe Screen Virtual (扩展屏):2000x1200:primary=false
[1787229295206] MA: initializeDecoder called, surface=Surface(name=null mNativeObject=-5476376613997759312)/@0xbccc2cb, valid=true, encoded=1512x982
[1787229295208] VD: setupDecoder: 1512x982, decoder=c2.qti.hevc.decoder
[1787229295243] VD: Decoder started: 1512x982 @ 60.000004Hz, surface=Surface(name=null mNativeObject=-5476376613997759312)/@0xbccc2cb, valid=true
[1787229295244] MA: Decoder configuration committed 1512x982 epoch=1
[1787229296188] VD: Decode stats: input=60, output=59, dropped=0, availBufs=10
[1787229296194] VD: Output #60: decoder latency avg=5.5ms max=23.8ms over 60 samples, input bufs avail=10, dropped=0
[1787229297188] VD: Decode stats: input=120, output=119, dropped=0, availBufs=10
[1787229297192] VD: Output #120: decoder latency avg=5.1ms max=9.4ms over 60 samples, input bufs avail=10, dropped=0
[1787229298193] VD: Decode stats: input=180, output=179, dropped=0, availBufs=10
[1787229298202] VD: Output #180: decoder latency avg=5.5ms max=11.3ms over 60 samples, input bufs avail=10, dropped=0
[1787229299191] VD: Decode stats: input=240, output=239, dropped=0, availBufs=10
[1787229299198] VD: Output #240: decoder latency avg=5.9ms max=11.5ms over 60 samples, input bufs avail=9, dropped=0
[1787229300186] VD: Decode stats: input=300, output=299, dropped=0, availBufs=10
[1787229300192] VD: Output #300: decoder latency avg=4.9ms max=9.7ms over 60 samples, input bufs avail=10, dropped=0
[1787229301188] VD: Decode stats: input=360, output=359, dropped=0, availBufs=10
[1787229301192] VD: Output #360: decoder latency avg=4.0ms max=6.7ms over 60 samples, input bufs avail=10, dropped=0
[1787229302188] VD: Decode stats: input=420, output=419, dropped=0, availBufs=10
[1787229302192] VD: Output #420: decoder latency avg=5.1ms max=10.1ms over 60 samples, input bufs avail=10, dropped=0
[1787229303188] VD: Decode stats: input=480, output=479, dropped=0, availBufs=10
[1787229303191] VD: Output #480: decoder latency avg=3.8ms max=6.8ms over 60 samples, input bufs avail=10, dropped=0
[1787229304191] VD: Decode stats: input=540, output=539, dropped=0, availBufs=10
[1787229304200] VD: Output #540: decoder latency avg=5.2ms max=8.8ms over 60 samples, input bufs avail=9, dropped=0
[1787229305191] VD: Decode stats: input=600, output=599, dropped=0, availBufs=10
[1787229305197] VD: Output #600: decoder latency avg=5.1ms max=8.1ms over 60 samples, input bufs avail=10, dropped=0
[1787229306194] VD: Decode stats: input=660, output=659, dropped=0, availBufs=10
[1787229306200] VD: Output #660: decoder latency avg=5.7ms max=8.6ms over 60 samples, input bufs avail=10, dropped=0
[1787229307189] VD: Decode stats: input=720, output=719, dropped=0, availBufs=10
[1787229307192] VD: Output #720: decoder latency avg=5.2ms max=9.4ms over 60 samples, input bufs avail=10, dropped=0
[1787229308189] VD: Decode stats: input=780, output=779, dropped=0, availBufs=10
[1787229308194] VD: Output #780: decoder latency avg=5.2ms max=9.2ms over 60 samples, input bufs avail=10, dropped=0
[1787229309187] VD: Decode stats: input=840, output=839, dropped=0, availBufs=10
[1787229309192] VD: Output #840: decoder latency avg=5.2ms max=8.4ms over 60 samples, input bufs avail=10, dropped=0
