2026-08-10T07:35:20Z Pipeline: 60.0fps, 0.8Mbps, avg frame age: 5.9ms, dropped: 0
2026-08-10T07:35:20Z Capture source (SCStream): 57.9fps
2026-08-10T07:35:21Z Pipeline: 59.8fps, 0.6Mbps, avg frame age: 6.1ms, dropped: 0
2026-08-10T07:35:21Z Capture source (SCStream): 57.6fps
2026-08-10T07:35:22Z Pipeline: 60.1fps, 0.5Mbps, avg frame age: 6.2ms, dropped: 0
2026-08-10T07:35:22Z Capture source (SCStream): 57.2fps
2026-08-10T07:35:23Z Pipeline: 60.0fps, 0.5Mbps, avg frame age: 5.7ms, dropped: 0
2026-08-10T07:35:23Z Capture source (SCStream): 58.0fps
2026-08-10T07:35:24Z Pipeline: 60.0fps, 0.5Mbps, avg frame age: 5.6ms, dropped: 0
2026-08-10T07:35:24Z Capture source (SCStream): 58.0fps
2026-08-10T07:35:25Z Pipeline: 60.0fps, 0.5Mbps, avg frame age: 5.5ms, dropped: 0
2026-08-10T07:35:25Z Capture source (SCStream): 58.1fps
2026-08-10T07:35:26Z Pipeline: 59.9fps, 0.5Mbps, avg frame age: 5.7ms, dropped: 0
2026-08-10T07:35:26Z Capture source (SCStream): 58.0fps
2026-08-10T07:35:27Z Pipeline: 60.1fps, 0.5Mbps, avg frame age: 5.6ms, dropped: 0
2026-08-10T07:35:27Z Capture source (SCStream): 57.7fps
2026-08-10T07:35:28Z Pipeline: 60.0fps, 0.5Mbps, avg frame age: 5.8ms, dropped: 0
2026-08-10T07:35:28Z VideoToolbox encoder updated in place (2Mbps, 60fps, ULTRALOW)
2026-08-10T07:35:28Z Capture source (SCStream): 57.4fps
2026-08-10T07:35:29Z Pipeline: 56.9fps, 1.3Mbps, avg frame age: 5.5ms, dropped: 6
2026-08-10T07:35:29Z Capture source (SCStream): 58.2fps
2026-08-10T07:35:30Z Pipeline: 60.1fps, 0.5Mbps, avg frame age: 5.6ms, dropped: 0
2026-08-10T07:35:30Z Capture source (SCStream): 58.0fps
2026-08-10T07:35:31Z Pipeline: 59.9fps, 0.5Mbps, avg frame age: 5.6ms, dropped: 0
2026-08-10T07:35:31Z Capture source (SCStream): 57.9fps
2026-08-10T07:35:32Z Pipeline: 60.0fps, 0.5Mbps, avg frame age: 6.9ms, dropped: 0
2026-08-10T07:35:32Z Capture source (SCStream): 57.6fps
2026-08-10T07:35:33Z Pipeline: 60.0fps, 0.5Mbps, avg frame age: 5.7ms, dropped: 0
2026-08-10T07:35:33Z Capture source (SCStream): 57.6fps
2026-08-10T07:35:34Z Pipeline: 60.0fps, 0.5Mbps, avg frame age: 5.5ms, dropped: 0
2026-08-10T07:35:34Z Capture source (SCStream): 58.4fps
2026-08-10T07:35:35Z Pipeline: 60.0fps, 0.5Mbps, avg frame age: 5.5ms, dropped: 0
2026-08-10T07:35:35Z Capture source (SCStream): 57.9fps
2026-08-10T07:35:36Z Pipeline: 60.0fps, 0.5Mbps, avg frame age: 5.5ms, dropped: 0
2026-08-10T07:35:36Z Capture source (SCStream): 57.9fps
2026-08-10T07:35:37Z Pipeline: 60.0fps, 0.5Mbps, avg frame age: 5.8ms, dropped: 0
2026-08-10T07:35:37Z Capture source (SCStream): 58.1fps
2026-08-10T07:35:38Z Pipeline: 60.0fps, 0.5Mbps, avg frame age: 5.7ms, dropped: 0
2026-08-10T07:35:38Z Capture source (SCStream): 57.9fps
2026-08-10T07:35:39Z Pipeline: 59.9fps, 0.5Mbps, avg frame age: 6.2ms, dropped: 0
2026-08-10T07:35:39Z Capture source (SCStream): 57.0fps
2026-08-10T07:35:40Z Pipeline: 60.2fps, 0.5Mbps, avg frame age: 6.3ms, dropped: 0
2026-08-10T07:35:40Z Capture source (SCStream): 58.3fps
2026-08-10T07:35:41Z Pipeline: 60.0fps, 0.5Mbps, avg frame age: 5.6ms, dropped: 0
2026-08-10T07:35:41Z Capture source (SCStream): 58.0fps
2026-08-10T07:35:42Z Pipeline: 60.0fps, 0.5Mbps, avg frame age: 5.6ms, dropped: 0
2026-08-10T07:35:42Z Capture source (SCStream): 57.7fps
2026-08-10T07:35:43Z Pipeline: 59.7fps, 0.5Mbps, avg frame age: 6.8ms, dropped: 0
2026-08-10T07:35:43Z Capture source (SCStream): 57.3fps
2026-08-10T07:35:44Z Pipeline: 60.2fps, 0.5Mbps, avg frame age: 7.5ms, dropped: 0
2026-08-10T07:35:44Z Capture source (SCStream): 57.4fps
2026-08-10T07:35:45Z Pipeline: 60.1fps, 0.5Mbps, avg frame age: 7.1ms, dropped: 0
2026-08-10T07:35:45Z Capture source (SCStream): 56.9fps
2026-08-10T07:35:46Z Pipeline: 60.1fps, 0.5Mbps, avg frame age: 5.7ms, dropped: 0
2026-08-10T07:35:46Z Capture source (SCStream): 57.2fps
2026-08-10T07:35:47Z Pipeline: 59.7fps, 0.5Mbps, avg frame age: 7.1ms, dropped: 0
2026-08-10T07:35:47Z Capture source (SCStream): 57.0fps
2026-08-10T07:35:48Z Pipeline: 60.2fps, 0.5Mbps, avg frame age: 5.9ms, dropped: 0
2026-08-10T07:35:48Z Capture source (SCStream): 57.5fps
2026-08-10T07:35:49Z Pipeline: 60.0fps, 0.5Mbps, avg frame age: 5.5ms, dropped: 0
2026-08-10T07:35:49Z Capture source (SCStream): 57.5fps
2026-08-10T07:35:50Z Pipeline: 60.1fps, 0.9Mbps, avg frame age: 5.4ms, dropped: 0
2026-08-10T07:35:50Z Capture source (SCStream): 57.7fps
2026-08-10T07:35:51Z Pipeline: 60.0fps, 0.5Mbps, avg frame age: 5.5ms, dropped: 0
2026-08-10T07:35:51Z Capture source (SCStream): 57.6fps
2026-08-10T07:35:52Z Pipeline: 59.9fps, 0.5Mbps, avg frame age: 6.3ms, dropped: 0
2026-08-10T07:35:52Z Capture source (SCStream): 57.3fps
2026-08-10T07:35:53Z Pipeline: 60.0fps, 0.5Mbps, avg frame age: 6.1ms, dropped: 0
2026-08-10T07:35:53Z Capture source (SCStream): 57.5fps
2026-08-10T07:35:54Z VideoToolbox encoder updated in place (5Mbps, 60fps, ULTRALOW)
2026-08-10T07:35:54Z Pipeline: 56.8fps, 1.3Mbps, avg frame age: 7.4ms, dropped: 6
2026-08-10T07:35:54Z Capture source (SCStream): 57.1fps
2026-08-10T07:35:55Z Pipeline: 60.2fps, 0.5Mbps, avg frame age: 7.5ms, dropped: 0
2026-08-10T07:35:55Z Capture source (SCStream): 57.3fps
2026-08-10T07:35:56Z Pipeline: 60.0fps, 0.5Mbps, avg frame age: 6.0ms, dropped: 0
2026-08-10T07:35:56Z Capture source (SCStream): 57.5fps
2026-08-10T07:35:57Z Pipeline: 60.0fps, 0.5Mbps, avg frame age: 5.7ms, dropped: 0
2026-08-10T07:35:57Z Capture source (SCStream): 58.0fps
2026-08-10T07:35:58Z Pipeline: 60.0fps, 0.5Mbps, avg frame age: 5.5ms, dropped: 0
2026-08-10T07:35:58Z Capture source (SCStream): 57.2fps
2026-08-10T07:35:59Z Pipeline: 60.0fps, 0.5Mbps, avg frame age: 5.8ms, dropped: 0
2026-08-10T07:35:59Z Capture source (SCStream): 57.4fps
2026-08-10T07:36:00Z Pipeline: 60.0fps, 0.5Mbps, avg frame age: 5.5ms, dropped: 0
2026-08-10T07:36:00Z Capture source (SCStream): 57.5fps
2026-08-10T07:36:01Z Pipeline: 59.8fps, 0.5Mbps, avg frame age: 6.8ms, dropped: 0
2026-08-10T07:36:01Z Capture source (SCStream): 57.4fps
2026-08-10T07:36:02Z Pipeline: 60.2fps, 0.5Mbps, avg frame age: 7.0ms, dropped: 0
2026-08-10T07:36:02Z Capture source (SCStream): 57.7fps
2026-08-10T07:36:03Z Pipeline: 59.8fps, 0.5Mbps, avg frame age: 6.1ms, dropped: 0
2026-08-10T07:36:03Z Capture source (SCStream): 56.9fps
2026-08-10T07:36:04Z Pipeline: 60.2fps, 0.5Mbps, avg frame age: 7.6ms, dropped: 0
2026-08-10T07:36:04Z Capture source (SCStream): 57.6fps
2026-08-10T07:36:05Z Pipeline: 60.0fps, 0.6Mbps, avg frame age: 6.0ms, dropped: 0
2026-08-10T07:36:05Z Capture source (SCStream): 57.9fps
2026-08-10T07:36:06Z Pipeline: 60.0fps, 0.6Mbps, avg frame age: 5.6ms, dropped: 0
2026-08-10T07:36:06Z Capture source (SCStream): 55.9fps
2026-08-10T07:36:07Z Pipeline: 60.0fps, 0.5Mbps, avg frame age: 6.1ms, dropped: 0
2026-08-10T07:36:07Z Capture source (SCStream): 57.9fps
2026-08-10T07:36:08Z Pipeline: 60.0fps, 0.5Mbps, avg frame age: 5.6ms, dropped: 0
2026-08-10T07:36:08Z Capture source (SCStream): 57.5fps
2026-08-10T07:36:09Z Pipeline: 59.7fps, 0.5Mbps, avg frame age: 6.6ms, dropped: 0
2026-08-10T07:36:09Z Capture source (SCStream): 57.5fps
2026-08-10T07:36:10Z Pipeline: 60.1fps, 0.5Mbps, avg frame age: 6.4ms, dropped: 0
2026-08-10T07:36:10Z Capture source (SCStream): 57.0fps
2026-08-10T07:36:11Z Pipeline: 59.9fps, 0.5Mbps, avg frame age: 6.6ms, dropped: 0
2026-08-10T07:36:11Z Capture source (SCStream): 57.6fps
2026-08-10T07:36:12Z Pipeline: 60.3fps, 0.5Mbps, avg frame age: 6.6ms, dropped: 0
2026-08-10T07:36:12Z Capture source (SCStream): 57.3fps
2026-08-10T07:36:13Z Pipeline: 59.8fps, 0.5Mbps, avg frame age: 9.0ms, dropped: 0
2026-08-10T07:36:13Z Capture source (SCStream): 57.3fps
2026-08-10T07:36:14Z Pipeline: 60.0fps, 0.5Mbps, avg frame age: 8.8ms, dropped: 0
2026-08-10T07:36:15Z Capture source (SCStream): 57.7fps
2026-08-10T07:36:15Z Pipeline: 60.2fps, 0.5Mbps, avg frame age: 7.6ms, dropped: 0
2026-08-10T07:36:16Z Capture source (SCStream): 57.7fps
2026-08-10T07:36:16Z Pipeline: 60.1fps, 0.5Mbps, avg frame age: 6.6ms, dropped: 0
2026-08-10T07:36:17Z Capture source (SCStream): 57.4fps
2026-08-10T07:36:17Z Pipeline: 60.0fps, 0.5Mbps, avg frame age: 6.2ms, dropped: 0
2026-08-10T07:36:18Z Capture source (SCStream): 57.8fps
2026-08-10T07:36:18Z Pipeline: 60.1fps, 0.5Mbps, avg frame age: 6.0ms, dropped: 0
2026-08-10T07:36:18Z VideoToolbox encoder updated in place (50Mbps, 60fps, ULTRALOW)
2026-08-10T07:36:19Z Capture source (SCStream): 57.4fps
2026-08-10T07:36:19Z Pipeline: 59.0fps, 1.6Mbps, avg frame age: 5.6ms, dropped: 5
2026-08-10T07:36:20Z Capture source (SCStream): 57.3fps
2026-08-10T07:36:20Z Pipeline: 59.9fps, 0.5Mbps, avg frame age: 5.7ms, dropped: 0
2026-08-10T07:36:21Z Capture source (SCStream): 57.1fps
2026-08-10T07:36:21Z Pipeline: 60.0fps, 0.5Mbps, avg frame age: 6.1ms, dropped: 0
2026-08-10T07:36:22Z Capture source (SCStream): 56.7fps
2026-08-10T07:36:22Z Pipeline: 60.1fps, 0.5Mbps, avg frame age: 6.1ms, dropped: 0
2026-08-10T07:36:23Z Capture source (SCStream): 57.4fps
2026-08-10T07:36:23Z Pipeline: 60.0fps, 0.5Mbps, avg frame age: 5.5ms, dropped: 0
2026-08-10T07:36:24Z Capture source (SCStream): 58.2fps
2026-08-10T07:36:24Z Pipeline: 60.0fps, 0.5Mbps, avg frame age: 5.8ms, dropped: 0
2026-08-10T07:36:25Z Capture source (SCStream): 57.2fps
2026-08-10T07:36:25Z Pipeline: 59.8fps, 0.5Mbps, avg frame age: 6.8ms, dropped: 0
2026-08-10T07:36:26Z Capture source (SCStream): 57.8fps
2026-08-10T07:36:26Z Pipeline: 60.2fps, 0.5Mbps, avg frame age: 6.6ms, dropped: 0
2026-08-10T07:36:27Z Capture source (SCStream): 57.8fps
2026-08-10T07:36:27Z Pipeline: 60.0fps, 0.5Mbps, avg frame age: 5.8ms, dropped: 0
2026-08-10T07:36:28Z Capture source (SCStream): 57.0fps
2026-08-10T07:36:28Z Pipeline: 60.0fps, 0.5Mbps, avg frame age: 6.3ms, dropped: 0
2026-08-10T07:36:29Z Capture source (SCStream): 57.7fps
2026-08-10T07:36:29Z Pipeline: 60.1fps, 0.5Mbps, avg frame age: 5.5ms, dropped: 0
2026-08-10T07:36:30Z Capture source (SCStream): 57.7fps
2026-08-10T07:36:30Z Pipeline: 60.0fps, 0.5Mbps, avg frame age: 5.5ms, dropped: 0
2026-08-10T07:36:31Z Capture source (SCStream): 58.0fps
2026-08-10T07:36:31Z Pipeline: 60.0fps, 0.5Mbps, avg frame age: 5.6ms, dropped: 0
2026-08-10T07:36:32Z Capture source (SCStream): 57.3fps
2026-08-10T07:36:32Z Pipeline: 60.0fps, 0.5Mbps, avg frame age: 5.5ms, dropped: 0
2026-08-10T07:36:33Z Capture source (SCStream): 57.0fps
2026-08-10T07:36:33Z Pipeline: 59.9fps, 0.5Mbps, avg frame age: 6.0ms, dropped: 0
2026-08-10T07:36:34Z Capture source (SCStream): 57.6fps
2026-08-10T07:36:34Z Pipeline: 60.1fps, 0.5Mbps, avg frame age: 7.1ms, dropped: 0
2026-08-10T07:36:35Z Capture source (SCStream): 57.2fps
2026-08-10T07:36:35Z Pipeline: 60.0fps, 0.5Mbps, avg frame age: 7.1ms, dropped: 0
2026-08-10T07:36:36Z Capture source (SCStream): 57.1fps
2026-08-10T07:36:36Z Pipeline: 59.8fps, 0.5Mbps, avg frame age: 7.4ms, dropped: 0
2026-08-10T07:36:37Z Capture source (SCStream): 57.2fps
2026-08-10T07:36:37Z Pipeline: 60.0fps, 0.8Mbps, avg frame age: 7.1ms, dropped: 0
2026-08-10T07:36:38Z Capture source (SCStream): 57.0fps
2026-08-10T07:36:38Z Pipeline: 60.0fps, 0.5Mbps, avg frame age: 7.9ms, dropped: 0
2026-08-10T07:36:39Z Capture source (SCStream): 57.7fps
2026-08-10T07:36:39Z Pipeline: 60.1fps, 0.5Mbps, avg frame age: 6.8ms, dropped: 0
2026-08-10T07:36:40Z Capture source (SCStream): 57.4fps
2026-08-10T07:36:40Z Pipeline: 60.0fps, 0.5Mbps, avg frame age: 5.6ms, dropped: 0
2026-08-10T07:36:41Z Capture source (SCStream): 56.7fps
2026-08-10T07:36:41Z Pipeline: 59.9fps, 0.5Mbps, avg frame age: 6.1ms, dropped: 0
2026-08-10T07:36:42Z Capture source (SCStream): 56.7fps
2026-08-10T07:36:42Z Pipeline: 60.1fps, 0.5Mbps, avg frame age: 5.5ms, dropped: 0
2026-08-10T07:36:43Z Capture source (SCStream): 58.2fps
2026-08-10T07:36:43Z Pipeline: 59.7fps, 0.5Mbps, avg frame age: 6.7ms, dropped: 0
2026-08-10T07:36:44Z Capture source (SCStream): 57.4fps
2026-08-10T07:36:44Z Pipeline: 60.3fps, 0.5Mbps, avg frame age: 7.6ms, dropped: 0
2026-08-10T07:36:45Z Capture source (SCStream): 57.6fps
2026-08-10T07:36:46Z Capture source (SCStream): 57.3fps
2026-08-10T07:36:47Z New connection incoming...
2026-08-10T07:36:47Z Connection state: preparing
2026-08-10T07:36:47Z Connection state: ready
2026-08-10T07:36:47Z Client connected via loopback (USB) — skipping auth
2026-08-10T07:36:47Z Starting input receive loop... (touch=on)
2026-08-10T07:36:47Z Protocol v1 selected for connection epoch 3
2026-08-10T07:36:47Z Capture source (SCStream): 57.5fps
2026-08-10T07:36:47Z Pipeline: 13.7fps, 0.2Mbps, avg frame age: 6.1ms, dropped: 0
2026-08-10T07:36:48Z Capture source (SCStream): 57.7fps
2026-08-10T07:36:48Z Pipeline: 62.3fps, 0.8Mbps, avg frame age: 6.4ms, dropped: 0
2026-08-10T07:36:49Z Capture source (SCStream): 57.7fps
2026-08-10T07:36:49Z Pipeline: 60.0fps, 0.5Mbps, avg frame age: 6.5ms, dropped: 0
2026-08-10T07:36:50Z Capture source (SCStream): 57.8fps
2026-08-10T07:36:50Z Pipeline: 60.0fps, 0.5Mbps, avg frame age: 5.9ms, dropped: 0
2026-08-10T07:36:51Z Capture source (SCStream): 57.1fps
2026-08-10T07:36:51Z Pipeline: 60.0fps, 0.5Mbps, avg frame age: 5.5ms, dropped: 0
2026-08-10T07:36:52Z Capture source (SCStream): 57.7fps
2026-08-10T07:36:52Z Pipeline: 60.0fps, 0.5Mbps, avg frame age: 5.6ms, dropped: 0
2026-08-10T07:36:53Z Capture source (SCStream): 57.8fps
2026-08-10T07:36:53Z Pipeline: 59.8fps, 0.5Mbps, avg frame age: 5.6ms, dropped: 0
2026-08-10T07:36:54Z Capture source (SCStream): 57.8fps
2026-08-10T07:36:54Z Pipeline: 60.2fps, 0.5Mbps, avg frame age: 6.8ms, dropped: 0
2026-08-10T07:36:55Z Capture source (SCStream): 57.5fps
2026-08-10T07:36:55Z Pipeline: 60.0fps, 0.5Mbps, avg frame age: 5.8ms, dropped: 0
2026-08-10T07:36:56Z Capture source (SCStream): 58.0fps
2026-08-10T07:36:56Z Connection state: failed(POSIXErrorCode(rawValue: 54): Connection reset by peer)
2026-08-10T07:36:56Z Connection failed: POSIXErrorCode(rawValue: 54): Connection reset by peer
2026-08-10T07:36:56Z Pipeline: 60.0fps, 0.5Mbps, avg frame age: 5.9ms, dropped: 0
2026-08-10T07:36:57Z Capture source (SCStream): 57.4fps
2026-08-10T07:36:57Z Pipeline: 59.9fps, 0.5Mbps, avg frame age: 6.9ms, dropped: 0
2026-08-10T07:36:58Z Capture source (SCStream): 57.5fps
2026-08-10T07:36:58Z Pipeline: 60.1fps, 0.5Mbps, avg frame age: 8.8ms, dropped: 0
2026-08-10T07:36:59Z Capture source (SCStream): 57.6fps
2026-08-10T07:36:59Z Pipeline: 60.0fps, 0.5Mbps, avg frame age: 5.5ms, dropped: 0
2026-08-10T07:37:00Z Capture source (SCStream): 57.5fps
2026-08-10T07:37:00Z Pipeline: 60.0fps, 0.5Mbps, avg frame age: 5.4ms, dropped: 0
2026-08-10T07:37:01Z Capture source (SCStream): 57.2fps
2026-08-10T07:37:01Z Pipeline: 60.0fps, 0.5Mbps, avg frame age: 5.5ms, dropped: 0
2026-08-10T07:37:02Z Capture source (SCStream): 57.6fps
2026-08-10T07:37:02Z Pipeline: 59.9fps, 0.5Mbps, avg frame age: 5.7ms, dropped: 0
2026-08-10T07:37:03Z Capture source (SCStream): 57.6fps
2026-08-10T07:37:03Z Pipeline: 60.2fps, 0.5Mbps, avg frame age: 6.5ms, dropped: 0
2026-08-10T07:37:04Z Capture source (SCStream): 56.8fps
2026-08-10T07:37:04Z Pipeline: 59.9fps, 0.5Mbps, avg frame age: 6.0ms, dropped: 0
2026-08-10T07:37:05Z Capture source (SCStream): 57.0fps
2026-08-10T07:37:05Z Pipeline: 59.9fps, 0.5Mbps, avg frame age: 7.7ms, dropped: 0
2026-08-10T07:37:06Z Capture source (SCStream): 57.4fps
2026-08-10T07:37:06Z Pipeline: 60.2fps, 0.5Mbps, avg frame age: 6.5ms, dropped: 0
2026-08-10T07:37:07Z Capture source (SCStream): 57.4fps
2026-08-10T07:37:07Z Pipeline: 59.9fps, 0.5Mbps, avg frame age: 5.7ms, dropped: 0
2026-08-10T07:37:08Z Capture source (SCStream): 57.0fps
2026-08-10T07:37:08Z Pipeline: 60.0fps, 0.5Mbps, avg frame age: 6.4ms, dropped: 0
2026-08-10T07:37:09Z Capture source (SCStream): 57.1fps
2026-08-10T07:37:09Z Pipeline: 60.0fps, 0.5Mbps, avg frame age: 5.4ms, dropped: 0
2026-08-10T07:37:10Z Capture source (SCStream): 57.6fps
2026-08-10T07:37:10Z Pipeline: 60.0fps, 0.5Mbps, avg frame age: 5.5ms, dropped: 0
