test_adb_device_cleanup_records_nonzero_without_throwing (tests.phase3.test_android_product_session_interop_acceptance.AndroidProductSessionInteropAcceptanceTests.test_adb_device_cleanup_records_nonzero_without_throwing) ... ok
test_adb_rechecks_lease_after_subprocess_before_accepting_or_recording_result (tests.phase3.test_android_product_session_interop_acceptance.AndroidProductSessionInteropAcceptanceTests.test_adb_rechecks_lease_after_subprocess_before_accepting_or_recording_result) ... ok
test_adb_rechecks_lease_before_every_subprocess_and_records_only_hashes (tests.phase3.test_android_product_session_interop_acceptance.AndroidProductSessionInteropAcceptanceTests.test_adb_rechecks_lease_before_every_subprocess_and_records_only_hashes) ... ok
test_both_routes_require_same_lease_and_artifacts (tests.phase3.test_android_product_session_interop_acceptance.AndroidProductSessionInteropAcceptanceTests.test_both_routes_require_same_lease_and_artifacts) ... ok
test_cleanup_failure_is_not_raised_over_primary_error (tests.phase3.test_android_product_session_interop_acceptance.AndroidProductSessionInteropAcceptanceTests.test_cleanup_failure_is_not_raised_over_primary_error) ... ok
test_cleanup_failure_is_raised_when_no_primary_error_exists (tests.phase3.test_android_product_session_interop_acceptance.AndroidProductSessionInteropAcceptanceTests.test_cleanup_failure_is_raised_when_no_primary_error_exists) ... ok
test_cli_requires_explicit_route_endpoint_bind_turn_and_artifacts (tests.phase3.test_android_product_session_interop_acceptance.AndroidProductSessionInteropAcceptanceTests.test_cli_requires_explicit_route_endpoint_bind_turn_and_artifacts) ... ok
test_controlled_artifact_replacement_fails_closed (tests.phase3.test_android_product_session_interop_acceptance.AndroidProductSessionInteropAcceptanceTests.test_controlled_artifact_replacement_fails_closed) ... ok
test_controlled_build_uses_fixed_commands_and_rechecks_clean_source (tests.phase3.test_android_product_session_interop_acceptance.AndroidProductSessionInteropAcceptanceTests.test_controlled_build_uses_fixed_commands_and_rechecks_clean_source) ... ok
test_evidence_boundaries_do_not_claim_public_or_real_media_gates (tests.phase3.test_android_product_session_interop_acceptance.AndroidProductSessionInteropAcceptanceTests.test_evidence_boundaries_do_not_claim_public_or_real_media_gates) ... ok
test_gate_journal_rejects_replacement_and_mode_change (tests.phase3.test_android_product_session_interop_acceptance.AndroidProductSessionInteropAcceptanceTests.test_gate_journal_rejects_replacement_and_mode_change) ... ok
test_ice_urls_and_turn_credentials_are_loaded_only_from_private_file (tests.phase3.test_android_product_session_interop_acceptance.AndroidProductSessionInteropAcceptanceTests.test_ice_urls_and_turn_credentials_are_loaded_only_from_private_file) ... ok
test_instrumentation_requires_clean_single_test_terminal_result (tests.phase3.test_android_product_session_interop_acceptance.AndroidProductSessionInteropAcceptanceTests.test_instrumentation_requires_clean_single_test_terminal_result) ... ok
test_kdf_material_is_well_formed_and_binds_epoch_and_roles (tests.phase3.test_android_product_session_interop_acceptance.AndroidProductSessionInteropAcceptanceTests.test_kdf_material_is_well_formed_and_binds_epoch_and_roles) ... ok
test_lease_rejects_dead_same_process_and_wrong_task_or_commit (tests.phase3.test_android_product_session_interop_acceptance.AndroidProductSessionInteropAcceptanceTests.test_lease_rejects_dead_same_process_and_wrong_task_or_commit) ... ok
test_marker_validation_requires_exact_route_epoch_and_all_crypto_media_touch_flags (tests.phase3.test_android_product_session_interop_acceptance.AndroidProductSessionInteropAcceptanceTests.test_marker_validation_requires_exact_route_epoch_and_all_crypto_media_touch_flags) ... ok
test_output_paths_must_remain_outside_repository (tests.phase3.test_android_product_session_interop_acceptance.AndroidProductSessionInteropAcceptanceTests.test_output_paths_must_remain_outside_repository) ... ok
test_private_atomic_writer_is_0600_and_redactor_removes_all_registered_values (tests.phase3.test_android_product_session_interop_acceptance.AndroidProductSessionInteropAcceptanceTests.test_private_atomic_writer_is_0600_and_redactor_removes_all_registered_values) ... ok
test_private_config_transfer_uses_only_direct_run_as_commands (tests.phase3.test_android_product_session_interop_acceptance.AndroidProductSessionInteropAcceptanceTests.test_private_config_transfer_uses_only_direct_run_as_commands) ... ok
test_private_inputs_reject_repo_paths_and_symlinks (tests.phase3.test_android_product_session_interop_acceptance.AndroidProductSessionInteropAcceptanceTests.test_private_inputs_reject_repo_paths_and_symlinks) ... ok
test_runner_marks_test_package_cleanup_before_install_test_adb_call (tests.phase3.test_android_product_session_interop_acceptance.AndroidProductSessionInteropAcceptanceTests.test_runner_marks_test_package_cleanup_before_install_test_adb_call) ... ok
test_runner_passes_explicit_opt_in_to_android_ui_bootstrap_acceptance (tests.phase3.test_android_product_session_interop_acceptance.AndroidProductSessionInteropAcceptanceTests.test_runner_passes_explicit_opt_in_to_android_ui_bootstrap_acceptance) ... ok
test_runner_product_boundaries_cover_current_base_gate_expectations (tests.phase3.test_android_product_session_interop_acceptance.AndroidProductSessionInteropAcceptanceTests.test_runner_product_boundaries_cover_current_base_gate_expectations) ... ok
test_runner_records_exact_p0110_sdk_identity (tests.phase3.test_android_product_session_interop_acceptance.AndroidProductSessionInteropAcceptanceTests.test_runner_records_exact_p0110_sdk_identity) ... ok
test_signaling_configuration_uses_explicit_bind_and_bounded_real_service_limits (tests.phase3.test_android_product_session_interop_acceptance.AndroidProductSessionInteropAcceptanceTests.test_signaling_configuration_uses_explicit_bind_and_bounded_real_service_limits) ... ok
test_structured_lease_requires_exact_task_commit_independent_live_holder (tests.phase3.test_android_product_session_interop_acceptance.AndroidProductSessionInteropAcceptanceTests.test_structured_lease_requires_exact_task_commit_independent_live_holder) ... ok
test_ui_marker_requires_exact_complete_assertions (tests.phase3.test_android_product_session_interop_acceptance.AndroidProductSessionInteropAcceptanceTests.test_ui_marker_requires_exact_complete_assertions) ... ok

----------------------------------------------------------------------
Ran 27 tests in 0.045s

OK
