To honour the JVM settings for this build a single-use Daemon process will be forked. For more on this, please refer to https://docs.gradle.org/8.6/userguide/gradle_daemon.html#sec:disabling_the_daemon in the Gradle documentation.
Daemon will be stopped at the end of the build
> Task :transport:checkKotlinGradlePluginConfigurationErrors
> Task :transport:processResources NO-SOURCE
> Task :app:checkKotlinGradlePluginConfigurationErrors
> Task :app:generateReleaseDependencyLicenses
> Task :app:generateReleaseSbom
> Task :app:syncOpenSourceNotices
> Task :app:preBuild
> Task :app:preDebugBuild
> Task :app:dataBindingMergeDependencyArtifactsDebug
> Task :app:generateDebugResValues
> Task :app:generateDebugResources
> Task :transport:compileKotlin
> Task :transport:compileJava NO-SOURCE
> Task :transport:classes UP-TO-DATE
> Task :transport:jar
> Task :app:packageDebugResources
> Task :app:extractDebugProto
> Task :app:mergeDebugResources
> Task :app:parseDebugLocalResources
> Task :app:extractIncludeDebugProto
> Task :app:dataBindingGenBaseClassesDebug
> Task :app:extractProto
> Task :app:generateDebugProto
> Task :app:mapDebugSourceSetPaths
> Task :app:createDebugCompatibleScreenManifests
> Task :app:extractDeepLinksDebug
> Task :app:checkDebugAarMetadata
> Task :app:processDebugMainManifest
> Task :app:processDebugManifest
> Task :app:preDebugAndroidTestBuild SKIPPED
> Task :app:javaPreCompileDebug
> Task :app:dataBindingMergeDependencyArtifactsDebugAndroidTest
> Task :app:generateDebugAndroidTestResValues
> Task :app:generateDebugAndroidTestResources
> Task :app:extractAndroidTestDebugProto
> Task :app:extractAndroidTestProto
> Task :app:mergeDebugAndroidTestResources
> Task :app:checkDebugAndroidTestAarMetadata
> Task :app:dataBindingGenBaseClassesDebugAndroidTest
> Task :app:mapDebugAndroidTestSourceSetPaths
> Task :app:processDebugAndroidTestManifest
> Task :app:javaPreCompileDebugAndroidTest
> Task :app:mergeDebugShaders
> Task :app:compileDebugShaders NO-SOURCE
> Task :app:generateDebugAssets UP-TO-DATE
> Task :app:mergeDebugAssets
> Task :app:compressDebugAssets
> Task :app:desugarDebugFileDependencies
> Task :app:mergeDebugStartupProfile
> Task :app:mergeDebugJniLibFolders
> Task :app:checkDebugDuplicateClasses
> Task :app:validateSigningDebug
> Task :app:processDebugManifestForPackage
> Task :app:processDebugAndroidTestResources
> Task :app:mergeLibDexDebug
> Task :app:writeDebugAppMetadata
> Task :app:writeDebugSigningConfigVersions
> Task :app:mergeDebugAndroidTestShaders
> Task :app:compileDebugAndroidTestShaders NO-SOURCE
> Task :app:generateDebugAndroidTestAssets UP-TO-DATE
> Task :app:mergeDebugAndroidTestAssets
> Task :app:compressDebugAndroidTestAssets
> Task :app:desugarDebugAndroidTestFileDependencies
> Task :app:checkDebugAndroidTestDuplicateClasses
> Task :app:mergeDebugAndroidTestJniLibFolders
> Task :app:mergeDebugNativeLibs
> Task :app:mergeDebugAndroidTestNativeLibs NO-SOURCE
> Task :app:stripDebugAndroidTestDebugSymbols NO-SOURCE
> Task :app:validateSigningDebugAndroidTest
> Task :app:writeDebugAndroidTestSigningConfigVersions
> Task :app:mergeLibDexDebugAndroidTest

> Task :app:stripDebugDebugSymbols
Unable to strip the following libraries, packaging them as they are: libimage_processing_util_jni.so, libjingle_peerconnection_so.so, libsurface_util_jni.so.

> Task :app:mergeExtDexDebugAndroidTest
> Task :app:processDebugResources
> Task :app:mergeExtDexDebug

> Task :app:compileDebugKotlin
w: file://<workspace>/baseline/AndroidClient/app/src/main/java/dev/telemachus/display/MainActivity.kt:1961:9 'startActivityForResult(Intent, Int): Unit' is deprecated. Deprecated in Java
w: file://<workspace>/baseline/AndroidClient/app/src/main/java/dev/telemachus/display/MainActivity.kt:2740:23 'startActivityForResult(Intent, Int): Unit' is deprecated. Deprecated in Java
w: file://<workspace>/baseline/AndroidClient/app/src/main/java/dev/telemachus/display/ManagedConfigurationProvider.kt:160:37 'get(String!): Any?' is deprecated. Deprecated in Java

> Task :app:compileDebugJavaWithJavac
> Task :app:processDebugJavaRes
> Task :app:mergeDebugJavaResource
> Task :app:bundleDebugClassesToCompileJar
> Task :app:dexBuilderDebug
> Task :app:extractIncludeDebugAndroidTestProto
> Task :app:generateDebugAndroidTestProto NO-SOURCE
> Task :app:mergeProjectDexDebug
> Task :app:packageDebug
> Task :app:createDebugApkListingFileRedirect

> Task :app:compileDebugAndroidTestKotlin
w: file://<workspace>/baseline/AndroidClient/app/src/androidTest/java/dev/telemachus/display/InternetPairingDialogLayoutInstrumentedTest.kt:663:22 'recycle(): Unit' is deprecated. Deprecated in Java

> Task :app:compileDebugAndroidTestJavaWithJavac NO-SOURCE
> Task :app:processDebugAndroidTestJavaRes
> Task :app:mergeDebugAndroidTestJavaResource
> Task :app:dexBuilderDebugAndroidTest
> Task :app:mergeProjectDexDebugAndroidTest
> Task :app:packageDebugAndroidTest
> Task :app:createDebugAndroidTestApkListingFileRedirect

> Task :app:connectedDebugAndroidTest
Starting 135 tests on P0110 - 16

dev.telemachus.display.ConnectionGuidanceLayoutInstrumentedTest > openSourceLicensesButtonOpensPackagedNoticesDialog[P0110 - 16] [31mFAILED [0m
	java.lang.AssertionError: Open-source notices dialog title should be visible after clicking the production entry point
	at org.junit.Assert.fail(Assert.java:89)

P0110 - 16 Tests 71/135 completed. (0 skipped) (1 failed)
P0110 - 16 Tests 123/135 completed. (0 skipped) (1 failed)
Finished 135 tests on P0110 - 16

> Task :app:connectedDebugAndroidTest
Tests on P0110 - 16 failed: There was 1 failure(s).

> Task :app:connectedDebugAndroidTest FAILED

FAILURE: Build failed with an exception.

* What went wrong:
Execution failed for task ':app:connectedDebugAndroidTest'.
> There were failing tests. See the report at: file://<workspace>/baseline/AndroidClient/app/build/reports/androidTests/connected/debug/index.html

* Try:
> Run with --stacktrace option to get the stack trace.
> Run with --info or --debug option to get more log output.
> Run with --scan to get full insights.
> Get more help at https://help.gradle.org.

BUILD FAILED in 1m 8s
81 actionable tasks: 81 executed
