[1788490933858] MA: device health battery=100 charging=true saver=false thermal=nominal
[1788490933859] MA: lifecycle foreground connected=false
[1788490933903] MA: surfaceCreated
[1788490933904] MA: surfaceChanged: 1264x2800
[1788490934039] MA: session ended kind=TRANSPORT_CLOSED retryable=true
[1788490934611] MA: session ended kind=TRANSPORT_CLOSED retryable=true
[1788490935188] MA: session ended kind=TRANSPORT_CLOSED retryable=true
[1788490935687] MA: session ended kind=TRANSPORT_CLOSED retryable=true
[1788490936170] MA: session ended kind=TRANSPORT_CLOSED retryable=true
[1788490936676] MA: session ended kind=TRANSPORT_CLOSED retryable=true
[1788490937192] MA: session ended kind=TRANSPORT_CLOSED retryable=true
[1788490937745] MA: session ended kind=TRANSPORT_CLOSED retryable=true
[1788490938259] MA: session ended kind=TRANSPORT_CLOSED retryable=true
[1788490938730] MA: session ended kind=TRANSPORT_CLOSED retryable=true
[1788490939300] MA: session ended kind=TRANSPORT_CLOSED retryable=true
[1788490939895] MA: session ended kind=TRANSPORT_CLOSED retryable=true
[1788490940409] MA: session ended kind=TRANSPORT_CLOSED retryable=true
[1788490940869] MA: session ended kind=TRANSPORT_CLOSED retryable=true
[1788490941320] MA: session ended kind=TRANSPORT_CLOSED retryable=true
[1788490941866] MA: session ended kind=TRANSPORT_CLOSED retryable=true
[1788490942298] MA: session ended kind=TRANSPORT_CLOSED retryable=true
[1788490942760] MA: session ended kind=TRANSPORT_CLOSED retryable=true
[1788490943250] MA: session ended kind=TRANSPORT_CLOSED retryable=true
[1788490943773] MA: session ended kind=TRANSPORT_CLOSED retryable=true
[1788490944235] MA: session ended kind=TRANSPORT_CLOSED retryable=true
[1788490944862] MA: session ended kind=TRANSPORT_CLOSED retryable=true
[1788490945467] MA: session ended kind=TRANSPORT_CLOSED retryable=true
[1788490945994] MA: session ended kind=TRANSPORT_CLOSED retryable=true
[1788490946618] MA: session ended kind=TRANSPORT_CLOSED retryable=true
[1788490947179] MA: session ended kind=TRANSPORT_CLOSED retryable=true
[1788490947651] MA: session ended kind=TRANSPORT_CLOSED retryable=true
[1788490948212] MA: session ended kind=TRANSPORT_CLOSED retryable=true
[1788490948691] MA: session ended kind=TRANSPORT_CLOSED retryable=true
[1788490949159] MA: session ended kind=TRANSPORT_CLOSED retryable=true
[1788490949715] MA: session ended kind=TRANSPORT_CLOSED retryable=true
[1788490950259] MA: session ended kind=TRANSPORT_CLOSED retryable=true
[1788490950811] MA: session ended kind=TRANSPORT_CLOSED retryable=true
[1788490951373] MA: session ended kind=TRANSPORT_CLOSED retryable=true
[1788490951913] MA: session ended kind=TRANSPORT_CLOSED retryable=true
[1788490952374] MA: session ended kind=TRANSPORT_CLOSED retryable=true
[1788490952915] MA: session ended kind=TRANSPORT_CLOSED retryable=true
[1788490953443] MA: session ended kind=TRANSPORT_CLOSED retryable=true
[1788490953923] MA: session ended kind=TRANSPORT_CLOSED retryable=true
[1788490954514] MA: session ended kind=TRANSPORT_CLOSED retryable=true
[1788490954971] MA: session ended kind=TRANSPORT_CLOSED retryable=true
[1788490955521] MA: session ended kind=TRANSPORT_CLOSED retryable=true
[1788490955956] MA: session ended kind=TRANSPORT_CLOSED retryable=true
[1788490956548] MA: session ended kind=TRANSPORT_CLOSED retryable=true
[1788490957148] MA: session ended kind=TRANSPORT_CLOSED retryable=true
[1788490957745] MA: session ended kind=TRANSPORT_CLOSED retryable=true
[1788490958266] MA: session ended kind=TRANSPORT_CLOSED retryable=true
[1788490958737] MA: session ended kind=TRANSPORT_CLOSED retryable=true
[1788490959266] MA: session ended kind=TRANSPORT_CLOSED retryable=true
[1788490959780] MA: session ended kind=TRANSPORT_CLOSED retryable=true
[1788490960233] MA: session ended kind=TRANSPORT_CLOSED retryable=true
[1788490960797] MA: session ended kind=TRANSPORT_CLOSED retryable=true
[1788490961359] MA: session ended kind=TRANSPORT_CLOSED retryable=true
[1788490961784] MA: session ended kind=TRANSPORT_CLOSED retryable=true
[1788490962218] MA: session ended kind=TRANSPORT_CLOSED retryable=true
[1788490962700] MA: session ended kind=TRANSPORT_CLOSED retryable=true
[1788490963315] MA: session ended kind=TRANSPORT_CLOSED retryable=true
[1788490963823] MA: session ended kind=TRANSPORT_CLOSED retryable=true
[1788490964283] MA: session ended kind=TRANSPORT_CLOSED retryable=true
[1788490964798] MA: session ended kind=TRANSPORT_CLOSED retryable=true
[1788490965234] MA: session ended kind=TRANSPORT_CLOSED retryable=true
[1788490965459] MA: session ended kind=TRANSPORT_CLOSED retryable=true
[1788491698956] MA: device health battery=100 charging=true saver=false thermal=nominal
[1788491698958] MA: lifecycle foreground connected=false
[1788491699008] MA: surfaceCreated
[1788491699008] MA: surfaceChanged: 1264x2800
[1788491699122] MA: session ended kind=TRANSPORT_CLOSED retryable=true
[1788491699561] MA: session ended kind=TRANSPORT_CLOSED retryable=true
[1788491700086] MA: session ended kind=TRANSPORT_CLOSED retryable=true
[1788491700526] MA: session ended kind=TRANSPORT_CLOSED retryable=true
[1788491700962] MA: session ended kind=TRANSPORT_CLOSED retryable=true
[1788491701383] MA: session ended kind=TRANSPORT_CLOSED retryable=true
[1788491701908] MA: session ended kind=TRANSPORT_CLOSED retryable=true
[1788491702374] MA: session ended kind=TRANSPORT_CLOSED retryable=true
[1788491702910] MA: session ended kind=TRANSPORT_CLOSED retryable=true
[1788491703414] MA: session ended kind=TRANSPORT_CLOSED retryable=true
[1788491704022] MA: session ended kind=TRANSPORT_CLOSED retryable=true
[1788491704536] MA: session ended kind=TRANSPORT_CLOSED retryable=true
[1788491705099] MA: session ended kind=TRANSPORT_CLOSED retryable=true
[1788491705712] MA: session ended kind=TRANSPORT_CLOSED retryable=true
[1788491706130] MA: session ended kind=TRANSPORT_CLOSED retryable=true
[1788491706655] MA: session ended kind=TRANSPORT_CLOSED retryable=true
[1788491707123] MA: session ended kind=TRANSPORT_CLOSED retryable=true
[1788491707685] MA: session ended kind=TRANSPORT_CLOSED retryable=true
[1788491708240] MA: session ended kind=TRANSPORT_CLOSED retryable=true
[1788491708664] MA: session ended kind=TRANSPORT_CLOSED retryable=true
[1788491709189] MA: session ended kind=TRANSPORT_CLOSED retryable=true
[1788491709721] MA: session ended kind=TRANSPORT_CLOSED retryable=true
[1788491710248] MA: session ended kind=TRANSPORT_CLOSED retryable=true
[1788491710792] MA: session ended kind=TRANSPORT_CLOSED retryable=true
[1788491711334] MA: session ended kind=TRANSPORT_CLOSED retryable=true
[1788491711968] MA: session ended kind=TRANSPORT_CLOSED retryable=true
[1788491712477] MA: session ended kind=TRANSPORT_CLOSED retryable=true
[1788491712940] MA: session ended kind=TRANSPORT_CLOSED retryable=true
[1788491713514] MA: session ended kind=TRANSPORT_CLOSED retryable=true
[1788491713987] MA: session ended kind=TRANSPORT_CLOSED retryable=true
[1788491714557] MA: session ended kind=TRANSPORT_CLOSED retryable=true
[1788491715178] MA: session ended kind=TRANSPORT_CLOSED retryable=true
[1788491715675] MA: session ended kind=TRANSPORT_CLOSED retryable=true
[1788491716210] MA: session ended kind=TRANSPORT_CLOSED retryable=true
[1788491716666] MA: session ended kind=TRANSPORT_CLOSED retryable=true
[1788491717200] MA: session ended kind=TRANSPORT_CLOSED retryable=true
[1788491717696] MA: session ended kind=TRANSPORT_CLOSED retryable=true
[1788491718193] MA: session ended kind=TRANSPORT_CLOSED retryable=true
[1788491718679] MA: session ended kind=TRANSPORT_CLOSED retryable=true
[1788491719197] MA: session ended kind=TRANSPORT_CLOSED retryable=true
[1788491719644] MA: session ended kind=TRANSPORT_CLOSED retryable=true
[1788491720160] MA: session ended kind=TRANSPORT_CLOSED retryable=true
[1788491720591] MA: session ended kind=TRANSPORT_CLOSED retryable=true
[1788491721017] MA: session ended kind=TRANSPORT_CLOSED retryable=true
[1788491721536] MA: session ended kind=TRANSPORT_CLOSED retryable=true
[1788491722099] MA: session ended kind=TRANSPORT_CLOSED retryable=true
[1788491722532] MA: session ended kind=TRANSPORT_CLOSED retryable=true
[1788491722984] MA: session ended kind=TRANSPORT_CLOSED retryable=true
[1788491723540] MA: session ended kind=TRANSPORT_CLOSED retryable=true
[1788491723977] MA: session ended kind=TRANSPORT_CLOSED retryable=true
[1788491724584] MA: session ended kind=TRANSPORT_CLOSED retryable=true
[1788491725033] MA: session ended kind=TRANSPORT_CLOSED retryable=true
[1788491725520] MA: session ended kind=TRANSPORT_CLOSED retryable=true
[1788491726130] MA: session ended kind=TRANSPORT_CLOSED retryable=true
[1788491726578] MA: session ended kind=TRANSPORT_CLOSED retryable=true
[1788491727146] MA: session ended kind=TRANSPORT_CLOSED retryable=true
[1788491727756] MA: session ended kind=TRANSPORT_CLOSED retryable=true
[1788491728254] MA: session ended kind=TRANSPORT_CLOSED retryable=true
[1788491728833] MA: session ended kind=TRANSPORT_CLOSED retryable=true
[1788491729403] MA: session ended kind=TRANSPORT_CLOSED retryable=true
[1788491729877] MA: session ended kind=TRANSPORT_CLOSED retryable=true
