To honour the JVM settings for this build a single-use Daemon process will be forked. For more on this, please refer to https://docs.gradle.org/8.6/userguide/gradle_daemon.html#sec:disabling_the_daemon in the Gradle documentation.
Daemon will be stopped at the end of the build
> Task :transport:checkKotlinGradlePluginConfigurationErrors
> Task :transport:processResources NO-SOURCE
> Task :app:checkKotlinGradlePluginConfigurationErrors
> Task :app:generateReleaseDependencyLicenses
> Task :app:generateReleaseSbom
> Task :app:syncOpenSourceNotices
> Task :app:preBuild
> Task :app:preDebugBuild
> Task :app:dataBindingMergeDependencyArtifactsDebug
> Task :app:generateDebugResValues
> Task :app:generateDebugResources
> Task :transport:compileKotlin
> Task :transport:compileJava NO-SOURCE
> Task :transport:classes UP-TO-DATE
> Task :transport:jar
> Task :app:packageDebugResources
> Task :app:extractDebugProto
> Task :app:mergeDebugResources
> Task :app:parseDebugLocalResources
> Task :app:extractIncludeDebugProto
> Task :app:dataBindingGenBaseClassesDebug
> Task :app:extractProto
> Task :app:generateDebugProto
> Task :app:mapDebugSourceSetPaths
> Task :app:createDebugCompatibleScreenManifests
> Task :app:extractDeepLinksDebug
> Task :app:checkDebugAarMetadata
> Task :app:processDebugMainManifest
> Task :app:processDebugManifest
> Task :app:preDebugAndroidTestBuild SKIPPED
> Task :app:javaPreCompileDebug
> Task :app:dataBindingMergeDependencyArtifactsDebugAndroidTest
> Task :app:processDebugManifestForPackage
> Task :app:generateDebugAndroidTestResValues
> Task :app:generateDebugAndroidTestResources
> Task :app:extractAndroidTestDebugProto
> Task :app:extractAndroidTestProto
> Task :app:checkDebugAndroidTestAarMetadata
> Task :app:mapDebugAndroidTestSourceSetPaths
> Task :app:mergeDebugAndroidTestResources
> Task :app:processDebugAndroidTestManifest
> Task :app:dataBindingGenBaseClassesDebugAndroidTest
> Task :app:javaPreCompileDebugAndroidTest
> Task :app:mergeDebugShaders
> Task :app:compileDebugShaders NO-SOURCE
> Task :app:generateDebugAssets UP-TO-DATE
> Task :app:mergeDebugAssets
> Task :app:compressDebugAssets
> Task :app:processDebugAndroidTestResources
> Task :app:desugarDebugFileDependencies
> Task :app:mergeDebugStartupProfile
> Task :app:mergeDebugJniLibFolders
> Task :app:checkDebugDuplicateClasses
> Task :app:validateSigningDebug
> Task :app:writeDebugAppMetadata
> Task :app:writeDebugSigningConfigVersions
> Task :app:mergeDebugAndroidTestShaders
> Task :app:compileDebugAndroidTestShaders NO-SOURCE
> Task :app:generateDebugAndroidTestAssets UP-TO-DATE
> Task :app:mergeDebugAndroidTestAssets
> Task :app:compressDebugAndroidTestAssets
> Task :app:desugarDebugAndroidTestFileDependencies
> Task :app:checkDebugAndroidTestDuplicateClasses
> Task :app:mergeDebugAndroidTestJniLibFolders
> Task :app:mergeLibDexDebug
> Task :app:validateSigningDebugAndroidTest
> Task :app:writeDebugAndroidTestSigningConfigVersions
> Task :app:mergeLibDexDebugAndroidTest
> Task :app:mergeDebugNativeLibs
> Task :app:mergeDebugAndroidTestNativeLibs NO-SOURCE
> Task :app:stripDebugAndroidTestDebugSymbols NO-SOURCE

> Task :app:stripDebugDebugSymbols
Unable to strip the following libraries, packaging them as they are: libimage_processing_util_jni.so, libjingle_peerconnection_so.so, libsurface_util_jni.so.

> Task :app:processDebugResources
> Task :app:mergeExtDexDebugAndroidTest
> Task :app:mergeExtDexDebug

> Task :app:compileDebugKotlin
w: file://<workspace>/baseline/AndroidClient/app/src/main/java/dev/telemachus/display/MainActivity.kt:1961:9 'startActivityForResult(Intent, Int): Unit' is deprecated. Deprecated in Java
w: file://<workspace>/baseline/AndroidClient/app/src/main/java/dev/telemachus/display/MainActivity.kt:2740:23 'startActivityForResult(Intent, Int): Unit' is deprecated. Deprecated in Java
w: file://<workspace>/baseline/AndroidClient/app/src/main/java/dev/telemachus/display/ManagedConfigurationProvider.kt:160:37 'get(String!): Any?' is deprecated. Deprecated in Java

> Task :app:compileDebugJavaWithJavac
> Task :app:processDebugJavaRes
> Task :app:mergeDebugJavaResource
> Task :app:bundleDebugClassesToCompileJar
> Task :app:dexBuilderDebug
> Task :app:extractIncludeDebugAndroidTestProto
> Task :app:generateDebugAndroidTestProto NO-SOURCE
> Task :app:mergeProjectDexDebug
> Task :app:packageDebug
> Task :app:createDebugApkListingFileRedirect

> Task :app:compileDebugAndroidTestKotlin
w: file://<workspace>/baseline/AndroidClient/app/src/androidTest/java/dev/telemachus/display/InternetPairingDialogLayoutInstrumentedTest.kt:548:22 'recycle(): Unit' is deprecated. Deprecated in Java

> Task :app:compileDebugAndroidTestJavaWithJavac NO-SOURCE
> Task :app:processDebugAndroidTestJavaRes
> Task :app:mergeDebugAndroidTestJavaResource
> Task :app:dexBuilderDebugAndroidTest
> Task :app:mergeProjectDexDebugAndroidTest
> Task :app:packageDebugAndroidTest
> Task :app:createDebugAndroidTestApkListingFileRedirect

> Task :app:connectedDebugAndroidTest
Starting 30 tests on P0110 - 16

Finished 30 tests on P0110 - 16

BUILD SUCCESSFUL in 46s
81 actionable tasks: 81 executed
