[1786983139400] MA: device health battery=100 charging=true saver=false thermal=nominal
[1786983139401] MA: lifecycle foreground connected=false
[1786983139442] MA: surfaceCreated
[1786983139443] MA: surfaceChanged: 1264x2800
[1786983139567] MA: session ended kind=TRANSPORT_CLOSED retryable=true
[1786983141090] MA: session ended kind=TRANSPORT_CLOSED retryable=true
[1786983142608] MA: session ended kind=TRANSPORT_CLOSED retryable=true
[1786983144142] MA: session ended kind=TRANSPORT_CLOSED retryable=true
[1786983145667] MA: session ended kind=TRANSPORT_CLOSED retryable=true
[1786983147189] MA: session ended kind=TRANSPORT_CLOSED retryable=true
[1786983148716] MA: session ended kind=TRANSPORT_CLOSED retryable=true
[1786983150230] MA: session ended kind=TRANSPORT_CLOSED retryable=true
[1786983151754] MA: session ended kind=TRANSPORT_CLOSED retryable=true
[1786983153288] MA: session ended kind=TRANSPORT_CLOSED retryable=true
[1786983154812] MA: session ended kind=TRANSPORT_CLOSED retryable=true
[1786983156322] MA: session ended kind=TRANSPORT_CLOSED retryable=true
[1786983157841] MA: session ended kind=TRANSPORT_CLOSED retryable=true
[1786983159362] MA: session ended kind=TRANSPORT_CLOSED retryable=true
[1786983160900] MA: session ended kind=TRANSPORT_CLOSED retryable=true
[1786983162437] MA: session ended kind=TRANSPORT_CLOSED retryable=true
[1786983163960] MA: session ended kind=TRANSPORT_CLOSED retryable=true
[1786983165496] MA: session ended kind=TRANSPORT_CLOSED retryable=true
[1786983167023] MA: session ended kind=TRANSPORT_CLOSED retryable=true
[1786983168553] MA: session ended kind=TRANSPORT_CLOSED retryable=true
[1786983170078] MA: session ended kind=TRANSPORT_CLOSED retryable=true
[1786983171607] MA: session ended kind=TRANSPORT_CLOSED retryable=true
[1786983173138] MA: session ended kind=TRANSPORT_CLOSED retryable=true
[1786983174669] MA: session ended kind=TRANSPORT_CLOSED retryable=true
[1786983176205] MA: session ended kind=TRANSPORT_CLOSED retryable=true
[1786983177730] MA: session ended kind=TRANSPORT_CLOSED retryable=true
[1786983179273] MA: session ended kind=TRANSPORT_CLOSED retryable=true
[1786983180799] MA: session ended kind=TRANSPORT_CLOSED retryable=true
[1786983182332] MA: session ended kind=TRANSPORT_CLOSED retryable=true
[1786983183862] MA: session ended kind=TRANSPORT_CLOSED retryable=true
[1786983185391] MA: session ended kind=TRANSPORT_CLOSED retryable=true
[1786983186918] MA: session ended kind=TRANSPORT_CLOSED retryable=true
[1786983188429] MA: session ended kind=TRANSPORT_CLOSED retryable=true
[1786983189965] MA: session ended kind=TRANSPORT_CLOSED retryable=true
[1786983191492] MA: session ended kind=TRANSPORT_CLOSED retryable=true
[1786983193021] MA: session ended kind=TRANSPORT_CLOSED retryable=true
[1786983194546] MA: session ended kind=TRANSPORT_CLOSED retryable=true
[1786983196059] MA: session ended kind=TRANSPORT_CLOSED retryable=true
[1786983197584] MA: session ended kind=TRANSPORT_CLOSED retryable=true
[1786983199118] MA: session ended kind=TRANSPORT_CLOSED retryable=true
[1786983200652] MA: session ended kind=TRANSPORT_CLOSED retryable=true
[1786983202184] MA: session ended kind=TRANSPORT_CLOSED retryable=true
[1786983203710] MA: session ended kind=TRANSPORT_CLOSED retryable=true
[1786983205238] MA: session ended kind=TRANSPORT_CLOSED retryable=true
[1786983206754] MA: session ended kind=TRANSPORT_CLOSED retryable=true
[1786983208278] MA: session ended kind=TRANSPORT_CLOSED retryable=true
[1786983209802] MA: session ended kind=TRANSPORT_CLOSED retryable=true
[1786983211330] MA: session ended kind=TRANSPORT_CLOSED retryable=true
[1786983212857] MA: session ended kind=TRANSPORT_CLOSED retryable=true
[1786983214387] MA: session ended kind=TRANSPORT_CLOSED retryable=true
[1786983215925] MA: session ended kind=TRANSPORT_CLOSED retryable=true
[1786983217453] MA: session ended kind=TRANSPORT_CLOSED retryable=true
[1786983218978] MA: session ended kind=TRANSPORT_CLOSED retryable=true
[1786983220499] MA: session ended kind=TRANSPORT_CLOSED retryable=true
[1786983222036] MA: session ended kind=TRANSPORT_CLOSED retryable=true
[1786983223569] MA: session ended kind=TRANSPORT_CLOSED retryable=true
[1786983225088] MA: session ended kind=TRANSPORT_CLOSED retryable=true
[1786983226611] MA: session ended kind=TRANSPORT_CLOSED retryable=true
[1786983228147] MA: session ended kind=TRANSPORT_CLOSED retryable=true
[1786983229679] MA: session ended kind=TRANSPORT_CLOSED retryable=true
[1786983231202] MA: session ended kind=TRANSPORT_CLOSED retryable=true
[1786983232724] MA: session ended kind=TRANSPORT_CLOSED retryable=true
[1786983234254] MA: session ended kind=TRANSPORT_CLOSED retryable=true
[1786983235789] MA: session ended kind=TRANSPORT_CLOSED retryable=true
[1786983237320] MA: session ended kind=TRANSPORT_CLOSED retryable=true
[1786983238858] MA: session ended kind=TRANSPORT_CLOSED retryable=true
[1786983240379] MA: session ended kind=TRANSPORT_CLOSED retryable=true
[1786983241898] MA: session ended kind=TRANSPORT_CLOSED retryable=true
[1786983243421] MA: session ended kind=TRANSPORT_CLOSED retryable=true
[1786983244945] MA: session ended kind=TRANSPORT_CLOSED retryable=true
[1786983246483] MA: session ended kind=TRANSPORT_CLOSED retryable=true
[1786983248020] MA: session ended kind=TRANSPORT_CLOSED retryable=true
